Archive member included to satisfy reference by file (symbol)

d:/software/build-tools/arm-gcc-eabi/bin/../lib/gcc/arm-none-eabi/10.3.1/../../../../arm-none-eabi/lib/thumb/v6-m/nofp\libc_nano.a(lib_a-exit.o)
                              d:/software/build-tools/arm-gcc-eabi/bin/../lib/gcc/arm-none-eabi/10.3.1/../../../../arm-none-eabi/lib/thumb/v6-m/nofp/crt0.o (exit)
d:/software/build-tools/arm-gcc-eabi/bin/../lib/gcc/arm-none-eabi/10.3.1/../../../../arm-none-eabi/lib/thumb/v6-m/nofp\libc_nano.a(lib_a-impure.o)
                              d:/software/build-tools/arm-gcc-eabi/bin/../lib/gcc/arm-none-eabi/10.3.1/../../../../arm-none-eabi/lib/thumb/v6-m/nofp\libc_nano.a(lib_a-exit.o) (_global_impure_ptr)
d:/software/build-tools/arm-gcc-eabi/bin/../lib/gcc/arm-none-eabi/10.3.1/../../../../arm-none-eabi/lib/thumb/v6-m/nofp\libc_nano.a(lib_a-init.o)
                              d:/software/build-tools/arm-gcc-eabi/bin/../lib/gcc/arm-none-eabi/10.3.1/../../../../arm-none-eabi/lib/thumb/v6-m/nofp/crt0.o (__libc_init_array)
d:/software/build-tools/arm-gcc-eabi/bin/../lib/gcc/arm-none-eabi/10.3.1/../../../../arm-none-eabi/lib/thumb/v6-m/nofp\libc_nano.a(lib_a-memset.o)
                              d:/software/build-tools/arm-gcc-eabi/bin/../lib/gcc/arm-none-eabi/10.3.1/../../../../arm-none-eabi/lib/thumb/v6-m/nofp/crt0.o (memset)
d:/software/build-tools/arm-gcc-eabi/bin/../lib/gcc/arm-none-eabi/10.3.1/../../../../arm-none-eabi/lib/thumb/v6-m/nofp\libc_nano.a(lib_a-nano-vfprintf_float.o)
                              (_printf_float)
d:/software/build-tools/arm-gcc-eabi/bin/../lib/gcc/arm-none-eabi/10.3.1/../../../../arm-none-eabi/lib/thumb/v6-m/nofp\libc_nano.a(lib_a-nano-vfprintf_i.o)
                              d:/software/build-tools/arm-gcc-eabi/bin/../lib/gcc/arm-none-eabi/10.3.1/../../../../arm-none-eabi/lib/thumb/v6-m/nofp\libc_nano.a(lib_a-nano-vfprintf_float.o) (_printf_common)
d:/software/build-tools/arm-gcc-eabi/bin/../lib/gcc/arm-none-eabi/10.3.1/../../../../arm-none-eabi/lib/thumb/v6-m/nofp\libc_nano.a(lib_a-strlen.o)
                              d:/software/build-tools/arm-gcc-eabi/bin/../lib/gcc/arm-none-eabi/10.3.1/../../../../arm-none-eabi/lib/thumb/v6-m/nofp\libc_nano.a(lib_a-nano-vfprintf_float.o) (strlen)
d:/software/build-tools/arm-gcc-eabi/bin/../lib/gcc/arm-none-eabi/10.3.1/../../../../arm-none-eabi/lib/thumb/v6-m/nofp\libc_nano.a(lib_a-dtoa.o)
                              d:/software/build-tools/arm-gcc-eabi/bin/../lib/gcc/arm-none-eabi/10.3.1/../../../../arm-none-eabi/lib/thumb/v6-m/nofp\libc_nano.a(lib_a-nano-vfprintf_float.o) (_dtoa_r)
d:/software/build-tools/arm-gcc-eabi/bin/../lib/gcc/arm-none-eabi/10.3.1/../../../../arm-none-eabi/lib/thumb/v6-m/nofp\libc_nano.a(lib_a-localeconv.o)
                              d:/software/build-tools/arm-gcc-eabi/bin/../lib/gcc/arm-none-eabi/10.3.1/../../../../arm-none-eabi/lib/thumb/v6-m/nofp\libc_nano.a(lib_a-nano-vfprintf_float.o) (_localeconv_r)
d:/software/build-tools/arm-gcc-eabi/bin/../lib/gcc/arm-none-eabi/10.3.1/../../../../arm-none-eabi/lib/thumb/v6-m/nofp\libc_nano.a(lib_a-malloc.o)
                              d:/software/build-tools/arm-gcc-eabi/bin/../lib/gcc/arm-none-eabi/10.3.1/../../../../arm-none-eabi/lib/thumb/v6-m/nofp\libc_nano.a(lib_a-dtoa.o) (malloc)
d:/software/build-tools/arm-gcc-eabi/bin/../lib/gcc/arm-none-eabi/10.3.1/../../../../arm-none-eabi/lib/thumb/v6-m/nofp\libc_nano.a(lib_a-memchr-stub.o)
                              d:/software/build-tools/arm-gcc-eabi/bin/../lib/gcc/arm-none-eabi/10.3.1/../../../../arm-none-eabi/lib/thumb/v6-m/nofp\libc_nano.a(lib_a-nano-vfprintf_i.o) (memchr)
d:/software/build-tools/arm-gcc-eabi/bin/../lib/gcc/arm-none-eabi/10.3.1/../../../../arm-none-eabi/lib/thumb/v6-m/nofp\libc_nano.a(lib_a-memcpy-stub.o)
                              d:/software/build-tools/arm-gcc-eabi/bin/../lib/gcc/arm-none-eabi/10.3.1/../../../../arm-none-eabi/lib/thumb/v6-m/nofp\libc_nano.a(lib_a-dtoa.o) (memcpy)
d:/software/build-tools/arm-gcc-eabi/bin/../lib/gcc/arm-none-eabi/10.3.1/../../../../arm-none-eabi/lib/thumb/v6-m/nofp\libc_nano.a(lib_a-mprec.o)
                              d:/software/build-tools/arm-gcc-eabi/bin/../lib/gcc/arm-none-eabi/10.3.1/../../../../arm-none-eabi/lib/thumb/v6-m/nofp\libc_nano.a(lib_a-dtoa.o) (_Balloc)
d:/software/build-tools/arm-gcc-eabi/bin/../lib/gcc/arm-none-eabi/10.3.1/../../../../arm-none-eabi/lib/thumb/v6-m/nofp\libc_nano.a(lib_a-nano-callocr.o)
                              d:/software/build-tools/arm-gcc-eabi/bin/../lib/gcc/arm-none-eabi/10.3.1/../../../../arm-none-eabi/lib/thumb/v6-m/nofp\libc_nano.a(lib_a-mprec.o) (_calloc_r)
d:/software/build-tools/arm-gcc-eabi/bin/../lib/gcc/arm-none-eabi/10.3.1/../../../../arm-none-eabi/lib/thumb/v6-m/nofp\libc_nano.a(lib_a-nano-freer.o)
                              d:/software/build-tools/arm-gcc-eabi/bin/../lib/gcc/arm-none-eabi/10.3.1/../../../../arm-none-eabi/lib/thumb/v6-m/nofp\libc_nano.a(lib_a-malloc.o) (_free_r)
[...]
Memory Configuration

Name             Origin             Length             Attributes
RAM              0x20000000         0x00009000         xrw
FLASH            0x08000000         0x00020000         xr
*default*        0x00000000         0xffffffff

Linker script and memory map

LOAD d:/software/build-tools/arm-gcc-eabi/bin/../lib/gcc/arm-none-eabi/10.3.1/thumb/v6-m/nofp/crti.o
LOAD d:/software/build-tools/arm-gcc-eabi/bin/../lib/gcc/arm-none-eabi/10.3.1/thumb/v6-m/nofp/crtbegin.o
LOAD d:/software/build-tools/arm-gcc-eabi/bin/../lib/gcc/arm-none-eabi/10.3.1/../../../../arm-none-eabi/lib/thumb/v6-m/nofp/crt0.o
START GROUP
LOAD d:/software/build-tools/arm-gcc-eabi/bin/../lib/gcc/arm-none-eabi/10.3.1/../../../../arm-none-eabi/lib/thumb/v6-m/nofp\libc_nano.a
LOAD d:/software/build-tools/arm-gcc-eabi/bin/../lib/gcc/arm-none-eabi/10.3.1/../../../../arm-none-eabi/lib/thumb/v6-m/nofp\libm.a
END GROUP
LOAD CMakeFiles/SLK-01_V1_0.dir/HardWare/Src/24cxx.c.obj
LOAD CMakeFiles/SLK-01_V1_0.dir/HardWare/Src/Button.c.obj
LOAD CMakeFiles/SLK-01_V1_0.dir/HardWare/Src/UserApp.c.obj
LOAD CMakeFiles/SLK-01_V1_0.dir/HardWare/Src/ads1220.c.obj
LOAD CMakeFiles/SLK-01_V1_0.dir/HardWare/Src/app_sys.c.obj
LOAD CMakeFiles/SLK-01_V1_0.dir/HardWare/Src/bq25895.c.obj
LOAD CMakeFiles/SLK-01_V1_0.dir/HardWare/Src/bq27441.c.obj
LOAD CMakeFiles/SLK-01_V1_0.dir/HardWare/Src/communication.c.obj
LOAD CMakeFiles/SLK-01_V1_0.dir/HardWare/Src/delay.c.obj
LOAD CMakeFiles/SLK-01_V1_0.dir/HardWare/Src/heat.c.obj
LOAD CMakeFiles/SLK-01_V1_0.dir/HardWare/Src/iic.c.obj
LOAD CMakeFiles/SLK-01_V1_0.dir/HardWare/Src/interface_uart.c.obj
LOAD CMakeFiles/SLK-01_V1_0.dir/HardWare/Src/pid.c.obj
LOAD CMakeFiles/SLK-01_V1_0.dir/HardWare/Src/time_callback.c.obj
LOAD CMakeFiles/SLK-01_V1_0.dir/HardWare/Src/tmc5130.c.obj
LOAD CMakeFiles/SLK-01_V1_0.dir/HardWare/Src/tmp112.c.obj
LOAD CMakeFiles/SLK-01_V1_0.dir/HardWare/Src/ws2812b.c.obj
LOAD CMakeFiles/SLK-01_V1_0.dir/Core/Src/main.c.obj
LOAD CMakeFiles/SLK-01_V1_0.dir/Core/Src/gpio.c.obj
LOAD CMakeFiles/SLK-01_V1_0.dir/Core/Src/app_freertos.c.obj
LOAD CMakeFiles/SLK-01_V1_0.dir/Core/Src/dma.c.obj
LOAD CMakeFiles/SLK-01_V1_0.dir/Core/Src/i2c.c.obj
LOAD CMakeFiles/SLK-01_V1_0.dir/Core/Src/spi.c.obj
LOAD CMakeFiles/SLK-01_V1_0.dir/Core/Src/tim.c.obj
LOAD CMakeFiles/SLK-01_V1_0.dir/Core/Src/usart.c.obj
LOAD CMakeFiles/SLK-01_V1_0.dir/Core/Src/stm32g0xx_it.c.obj
LOAD CMakeFiles/SLK-01_V1_0.dir/Core/Src/stm32g0xx_hal_msp.c.obj
LOAD CMakeFiles/SLK-01_V1_0.dir/Core/Src/stm32g0xx_hal_timebase_tim.c.obj
LOAD CMakeFiles/SLK-01_V1_0.dir/Drivers/STM32G0xx_HAL_Driver/Src/stm32g0xx_hal_rcc.c.obj
LOAD CMakeFiles/SLK-01_V1_0.dir/Drivers/STM32G0xx_HAL_Driver/Src/stm32g0xx_hal_rcc_ex.c.obj
LOAD CMakeFiles/SLK-01_V1_0.dir/Drivers/STM32G0xx_HAL_Driver/Src/stm32g0xx_ll_rcc.c.obj
LOAD CMakeFiles/SLK-01_V1_0.dir/Drivers/STM32G0xx_HAL_Driver/Src/stm32g0xx_hal_flash.c.obj
LOAD CMakeFiles/SLK-01_V1_0.dir/Drivers/STM32G0xx_HAL_Driver/Src/stm32g0xx_hal_flash_ex.c.obj
LOAD CMakeFiles/SLK-01_V1_0.dir/Drivers/STM32G0xx_HAL_Driver/Src/stm32g0xx_hal_gpio.c.obj
LOAD CMakeFiles/SLK-01_V1_0.dir/Drivers/STM32G0xx_HAL_Driver/Src/stm32g0xx_hal_dma.c.obj
LOAD CMakeFiles/SLK-01_V1_0.dir/Drivers/STM32G0xx_HAL_Driver/Src/stm32g0xx_hal_dma_ex.c.obj
LOAD CMakeFiles/SLK-01_V1_0.dir/Drivers/STM32G0xx_HAL_Driver/Src/stm32g0xx_ll_dma.c.obj
LOAD CMakeFiles/SLK-01_V1_0.dir/Drivers/STM32G0xx_HAL_Driver/Src/stm32g0xx_hal_pwr.c.obj
LOAD CMakeFiles/SLK-01_V1_0.dir/Drivers/STM32G0xx_HAL_Driver/Src/stm32g0xx_hal_pwr_ex.c.obj
LOAD CMakeFiles/SLK-01_V1_0.dir/Drivers/STM32G0xx_HAL_Driver/Src/stm32g0xx_hal_cortex.c.obj
LOAD CMakeFiles/SLK-01_V1_0.dir/Drivers/STM32G0xx_HAL_Driver/Src/stm32g0xx_hal.c.obj
LOAD CMakeFiles/SLK-01_V1_0.dir/Drivers/STM32G0xx_HAL_Driver/Src/stm32g0xx_hal_exti.c.obj
LOAD CMakeFiles/SLK-01_V1_0.dir/Drivers/STM32G0xx_HAL_Driver/Src/stm32g0xx_hal_i2c.c.obj
LOAD CMakeFiles/SLK-01_V1_0.dir/Drivers/STM32G0xx_HAL_Driver/Src/stm32g0xx_hal_i2c_ex.c.obj
LOAD CMakeFiles/SLK-01_V1_0.dir/Drivers/STM32G0xx_HAL_Driver/Src/stm32g0xx_hal_spi.c.obj
LOAD CMakeFiles/SLK-01_V1_0.dir/Drivers/STM32G0xx_HAL_Driver/Src/stm32g0xx_hal_spi_ex.c.obj
LOAD CMakeFiles/SLK-01_V1_0.dir/Drivers/STM32G0xx_HAL_Driver/Src/stm32g0xx_hal_tim.c.obj
LOAD CMakeFiles/SLK-01_V1_0.dir/Drivers/STM32G0xx_HAL_Driver/Src/stm32g0xx_hal_tim_ex.c.obj
LOAD CMakeFiles/SLK-01_V1_0.dir/Drivers/STM32G0xx_HAL_Driver/Src/stm32g0xx_hal_uart.c.obj
LOAD CMakeFiles/SLK-01_V1_0.dir/Drivers/STM32G0xx_HAL_Driver/Src/stm32g0xx_hal_uart_ex.c.obj
LOAD CMakeFiles/SLK-01_V1_0.dir/Core/Src/system_stm32g0xx.c.obj
LOAD CMakeFiles/SLK-01_V1_0.dir/Middlewares/Third_Party/FreeRTOS/Source/croutine.c.obj
LOAD CMakeFiles/SLK-01_V1_0.dir/Middlewares/Third_Party/FreeRTOS/Source/event_groups.c.obj
LOAD CMakeFiles/SLK-01_V1_0.dir/Middlewares/Third_Party/FreeRTOS/Source/list.c.obj
LOAD CMakeFiles/SLK-01_V1_0.dir/Middlewares/Third_Party/FreeRTOS/Source/queue.c.obj
LOAD CMakeFiles/SLK-01_V1_0.dir/Middlewares/Third_Party/FreeRTOS/Source/stream_buffer.c.obj
LOAD CMakeFiles/SLK-01_V1_0.dir/Middlewares/Third_Party/FreeRTOS/Source/tasks.c.obj
LOAD CMakeFiles/SLK-01_V1_0.dir/Middlewares/Third_Party/FreeRTOS/Source/timers.c.obj
LOAD CMakeFiles/SLK-01_V1_0.dir/Middlewares/Third_Party/FreeRTOS/Source/CMSIS_RTOS_V2/cmsis_os2.c.obj
LOAD CMakeFiles/SLK-01_V1_0.dir/Middlewares/Third_Party/FreeRTOS/Source/portable/MemMang/heap_4.c.obj
LOAD CMakeFiles/SLK-01_V1_0.dir/Middlewares/Third_Party/FreeRTOS/Source/portable/GCC/ARM_CM0/port.c.obj
LOAD CMakeFiles/SLK-01_V1_0.dir/Core/Src/sysmem.c.obj
LOAD CMakeFiles/SLK-01_V1_0.dir/Core/Src/syscalls.c.obj
LOAD CMakeFiles/SLK-01_V1_0.dir/startup_stm32g070xx.s.obj
START GROUP
LOAD d:/software/build-tools/arm-gcc-eabi/bin/../lib/gcc/arm-none-eabi/10.3.1/thumb/v6-m/nofp\libgcc.a
LOAD d:/software/build-tools/arm-gcc-eabi/bin/../lib/gcc/arm-none-eabi/10.3.1/../../../../arm-none-eabi/lib/thumb/v6-m/nofp\libg_nano.a
LOAD d:/software/build-tools/arm-gcc-eabi/bin/../lib/gcc/arm-none-eabi/10.3.1/../../../../arm-none-eabi/lib/thumb/v6-m/nofp\libc_nano.a
END GROUP
START GROUP
LOAD d:/software/build-tools/arm-gcc-eabi/bin/../lib/gcc/arm-none-eabi/10.3.1/thumb/v6-m/nofp\libgcc.a
LOAD d:/software/build-tools/arm-gcc-eabi/bin/../lib/gcc/arm-none-eabi/10.3.1/../../../../arm-none-eabi/lib/thumb/v6-m/nofp\libc_nano.a
END GROUP
LOAD d:/software/build-tools/arm-gcc-eabi/bin/../lib/gcc/arm-none-eabi/10.3.1/thumb/v6-m/nofp/crtend.o
LOAD d:/software/build-tools/arm-gcc-eabi/bin/../lib/gcc/arm-none-eabi/10.3.1/thumb/v6-m/nofp/crtn.o
                0x20009000                _estack = (ORIGIN (RAM) + LENGTH (RAM))
                0x00000200                _Min_Heap_Size = 0x200
                0x00000400                _Min_Stack_Size = 0x400

.isr_vector     0x08000000       0xb8
                0x08000000                . = ALIGN (0x4)
 *(.isr_vector)
 .isr_vector    0x08000000       0xb8 CMakeFiles/SLK-01_V1_0.dir/startup_stm32g070xx.s.obj
                0x08000000                g_pfnVectors
                0x080000b8                . = ALIGN (0x4)

.text           0x080000c0    0x11614
                0x080000c0                . = ALIGN (0x4)
 *(.text)
 .text          0x080000c0       0x48 d:/software/build-tools/arm-gcc-eabi/bin/../lib/gcc/arm-none-eabi/10.3.1/thumb/v6-m/nofp/crtbegin.o
 .text          0x08000108        0xe d:/software/build-tools/arm-gcc-eabi/bin/../lib/gcc/arm-none-eabi/10.3.1/../../../../arm-none-eabi/lib/thumb/v6-m/nofp\libc_nano.a(lib_a-strlen.o)
                0x08000108                strlen
 *fill*         0x08000116        0x2 
 .text          0x08000118       0x14 d:/software/build-tools/arm-gcc-eabi/bin/../lib/gcc/arm-none-eabi/10.3.1/thumb/v6-m/nofp\libgcc.a(_thumb1_case_uqi.o)
                0x08000118                __gnu_thumb1_case_uqi
 .text          0x0800012c       0x14 d:/software/build-tools/arm-gcc-eabi/bin/../lib/gcc/arm-none-eabi/10.3.1/thumb/v6-m/nofp\libgcc.a(_thumb1_case_shi.o)
                0x0800012c                __gnu_thumb1_case_shi
 .text          0x08000140      0x114 d:/software/build-tools/arm-gcc-eabi/bin/../lib/gcc/arm-none-eabi/10.3.1/thumb/v6-m/nofp\libgcc.a(_udivsi3.o)
                0x08000140                __aeabi_uidiv
                0x08000140                __udivsi3
                0x0800024c                __aeabi_uidivmod
 .text          0x08000254      0x1d4 d:/software/build-tools/arm-gcc-eabi/bin/../lib/gcc/arm-none-eabi/10.3.1/thumb/v6-m/nofp\libgcc.a(_divsi3.o)
                0x08000254                __divsi3
                0x08000254                __aeabi_idiv
                0x08000420                __aeabi_idivmod
 .text          0x08000428        0x4 d:/software/build-tools/arm-gcc-eabi/bin/../lib/gcc/arm-none-eabi/10.3.1/thumb/v6-m/nofp\libgcc.a(_dvmd_tls.o)
                0x08000428                __aeabi_idiv0
                0x08000428                __aeabi_ldiv0
 .text          0x0800042c       0x7c d:/software/build-tools/arm-gcc-eabi/bin/../lib/gcc/arm-none-eabi/10.3.1/thumb/v6-m/nofp\libgcc.a(_arm_cmpdf2.o)
                0x0800042c                __aeabi_cdrcmple
                0x0800043c                __aeabi_cdcmple
                0x0800043c                __aeabi_cdcmpeq
                0x0800044c                __aeabi_dcmpeq
                0x08000458                __aeabi_dcmplt
                0x0800046c                __aeabi_dcmple
                0x08000480                __aeabi_dcmpgt
                0x08000494                __aeabi_dcmpge
 .text          0x080004a8       0x74 d:/software/build-tools/arm-gcc-eabi/bin/../lib/gcc/arm-none-eabi/10.3.1/thumb/v6-m/nofp\libgcc.a(_arm_cmpsf2.o)
                0x080004a8                __aeabi_cfrcmple
                0x080004b0                __aeabi_cfcmpeq
                0x080004b0                __aeabi_cfcmple
                0x080004c0                __aeabi_fcmpeq
                0x080004cc                __aeabi_fcmplt
                0x080004e0                __aeabi_fcmple
                0x080004f4                __aeabi_fcmpgt
                0x08000508                __aeabi_fcmpge
 .text          0x0800051c       0x30 d:/software/build-tools/arm-gcc-eabi/bin/../lib/gcc/arm-none-eabi/10.3.1/thumb/v6-m/nofp\libgcc.a(_fixunssfsi.o)
                0x0800051c                __fixunssfsi
                0x0800051c                __aeabi_f2uiz
 .text          0x0800054c      0x33c d:/software/build-tools/arm-gcc-eabi/bin/../lib/gcc/arm-none-eabi/10.3.1/thumb/v6-m/nofp\libgcc.a(addsf3.o)
                0x0800054c                __aeabi_fadd
 .text          0x08000888       0x4c d:/software/build-tools/arm-gcc-eabi/bin/../lib/gcc/arm-none-eabi/10.3.1/thumb/v6-m/nofp\libgcc.a(eqsf2.o)
                0x08000888                __eqsf2
                0x08000888                __nesf2
 .text          0x080008d4       0x8c d:/software/build-tools/arm-gcc-eabi/bin/../lib/gcc/arm-none-eabi/10.3.1/thumb/v6-m/nofp\libgcc.a(gesf2.o)
                0x080008d4                __gesf2
                0x080008d4                __gtsf2
 .text          0x08000960       0x88 d:/software/build-tools/arm-gcc-eabi/bin/../lib/gcc/arm-none-eabi/10.3.1/thumb/v6-m/nofp\libgcc.a(lesf2.o)
                0x08000960                __ltsf2
                0x08000960                __lesf2
 .text          0x080009e8      0x24c d:/software/build-tools/arm-gcc-eabi/bin/../lib/gcc/arm-none-eabi/10.3.1/thumb/v6-m/nofp\libgcc.a(mulsf3.o)
                0x080009e8                __aeabi_fmul
 .text          0x08000c34      0x35c d:/software/build-tools/arm-gcc-eabi/bin/../lib/gcc/arm-none-eabi/10.3.1/thumb/v6-m/nofp\libgcc.a(subsf3.o)
                0x08000c34                __aeabi_fsub
 .text          0x08000f90       0x40 d:/software/build-tools/arm-gcc-eabi/bin/../lib/gcc/arm-none-eabi/10.3.1/thumb/v6-m/nofp\libgcc.a(fixsfsi.o)
                0x08000f90                __aeabi_f2iz
 .text          0x08000fd0       0x84 d:/software/build-tools/arm-gcc-eabi/bin/../lib/gcc/arm-none-eabi/10.3.1/thumb/v6-m/nofp\libgcc.a(floatunsisf.o)
                0x08000fd0                __aeabi_ui2f
 .text          0x08001054      0x678 d:/software/build-tools/arm-gcc-eabi/bin/../lib/gcc/arm-none-eabi/10.3.1/thumb/v6-m/nofp\libgcc.a(adddf3.o)
                0x08001054                __aeabi_dadd
 .text          0x080016cc      0x5ec d:/software/build-tools/arm-gcc-eabi/bin/../lib/gcc/arm-none-eabi/10.3.1/thumb/v6-m/nofp\libgcc.a(divdf3.o)
                0x080016cc                __aeabi_ddiv
 .text          0x08001cb8       0x84 d:/software/build-tools/arm-gcc-eabi/bin/../lib/gcc/arm-none-eabi/10.3.1/thumb/v6-m/nofp\libgcc.a(eqdf2.o)
                0x08001cb8                __nedf2
                0x08001cb8                __eqdf2
 .text          0x08001d3c       0xcc d:/software/build-tools/arm-gcc-eabi/bin/../lib/gcc/arm-none-eabi/10.3.1/thumb/v6-m/nofp\libgcc.a(gedf2.o)
                0x08001d3c                __gedf2
                0x08001d3c                __gtdf2
 .text          0x08001e08       0xc8 d:/software/build-tools/arm-gcc-eabi/bin/../lib/gcc/arm-none-eabi/10.3.1/thumb/v6-m/nofp\libgcc.a(ledf2.o)
                0x08001e08                __ledf2
                0x08001e08                __ltdf2
 .text          0x08001ed0      0x4d8 d:/software/build-tools/arm-gcc-eabi/bin/../lib/gcc/arm-none-eabi/10.3.1/thumb/v6-m/nofp\libgcc.a(muldf3.o)
                0x08001ed0                __aeabi_dmul
 .text          0x080023a8      0x724 d:/software/build-tools/arm-gcc-eabi/bin/../lib/gcc/arm-none-eabi/10.3.1/thumb/v6-m/nofp\libgcc.a(subdf3.o)
                0x080023a8                __aeabi_dsub
 .text          0x08002acc       0x3c d:/software/build-tools/arm-gcc-eabi/bin/../lib/gcc/arm-none-eabi/10.3.1/thumb/v6-m/nofp\libgcc.a(unorddf2.o)
                0x08002acc                __aeabi_dcmpun
 .text          0x08002b08       0x6c d:/software/build-tools/arm-gcc-eabi/bin/../lib/gcc/arm-none-eabi/10.3.1/thumb/v6-m/nofp\libgcc.a(fixdfsi.o)
                0x08002b08                __aeabi_d2iz
 .text          0x08002b74       0x60 d:/software/build-tools/arm-gcc-eabi/bin/../lib/gcc/arm-none-eabi/10.3.1/thumb/v6-m/nofp\libgcc.a(floatsidf.o)
                0x08002b74                __aeabi_i2d
 .text          0x08002bd4       0x4c d:/software/build-tools/arm-gcc-eabi/bin/../lib/gcc/arm-none-eabi/10.3.1/thumb/v6-m/nofp\libgcc.a(floatunsidf.o)
                0x08002bd4                __aeabi_ui2d
 .text          0x08002c20       0x90 d:/software/build-tools/arm-gcc-eabi/bin/../lib/gcc/arm-none-eabi/10.3.1/thumb/v6-m/nofp\libgcc.a(extendsfdf2.o)
                0x08002c20                __aeabi_f2d
 .text          0x08002cb0      0x110 d:/software/build-tools/arm-gcc-eabi/bin/../lib/gcc/arm-none-eabi/10.3.1/thumb/v6-m/nofp\libgcc.a(truncdfsf2.o)
                0x08002cb0                __aeabi_d2f
 .text          0x08002dc0       0x3c d:/software/build-tools/arm-gcc-eabi/bin/../lib/gcc/arm-none-eabi/10.3.1/thumb/v6-m/nofp\libgcc.a(_clzsi2.o)
                0x08002dc0                __clzsi2
 *(.text*)
 .text.__libc_init_array
                0x08002dfc       0x48 d:/software/build-tools/arm-gcc-eabi/bin/../lib/gcc/arm-none-eabi/10.3.1/../../../../arm-none-eabi/lib/thumb/v6-m/nofp\libc_nano.a(lib_a-init.o)
                0x08002dfc                __libc_init_array
 .text.memset   0x08002e44       0x10 d:/software/build-tools/arm-gcc-eabi/bin/../lib/gcc/arm-none-eabi/10.3.1/../../../../arm-none-eabi/lib/thumb/v6-m/nofp\libc_nano.a(lib_a-memset.o)
                0x08002e44                memset
 .text.__cvt    0x08002e54       0xc6 d:/software/build-tools/arm-gcc-eabi/bin/../lib/gcc/arm-none-eabi/10.3.1/../../../../arm-none-eabi/lib/thumb/v6-m/nofp\libc_nano.a(lib_a-nano-vfprintf_float.o)
                0x08002e54                __cvt
 .text.__exponent
                0x08002f1a       0x8e d:/software/build-tools/arm-gcc-eabi/bin/../lib/gcc/arm-none-eabi/10.3.1/../../../../arm-none-eabi/lib/thumb/v6-m/nofp\libc_nano.a(lib_a-nano-vfprintf_float.o)
                0x08002f1a                __exponent
 .text._printf_float
                0x08002fa8      0x484 d:/software/build-tools/arm-gcc-eabi/bin/../lib/gcc/arm-none-eabi/10.3.1/../../../../arm-none-eabi/lib/thumb/v6-m/nofp\libc_nano.a(lib_a-nano-vfprintf_float.o)
                0x08002fa8                _printf_float
 .text._printf_common
                0x0800342c       0xde d:/software/build-tools/arm-gcc-eabi/bin/../lib/gcc/arm-none-eabi/10.3.1/../../../../arm-none-eabi/lib/thumb/v6-m/nofp\libc_nano.a(lib_a-nano-vfprintf_i.o)
                0x0800342c                _printf_common
 *fill*         0x0800350a        0x2 
 .text._printf_i
                0x0800350c      0x224 d:/software/build-tools/arm-gcc-eabi/bin/../lib/gcc/arm-none-eabi/10.3.1/../../../../arm-none-eabi/lib/thumb/v6-m/nofp\libc_nano.a(lib_a-nano-vfprintf_i.o)
                0x0800350c                _printf_i
 .text.quorem   0x08003730      0x116 d:/software/build-tools/arm-gcc-eabi/bin/../lib/gcc/arm-none-eabi/10.3.1/../../../../arm-none-eabi/lib/thumb/v6-m/nofp\libc_nano.a(lib_a-dtoa.o)
 *fill*         0x08003846        0x2 
 .text._dtoa_r  0x08003848      0xc34 d:/software/build-tools/arm-gcc-eabi/bin/../lib/gcc/arm-none-eabi/10.3.1/../../../../arm-none-eabi/lib/thumb/v6-m/nofp\libc_nano.a(lib_a-dtoa.o)
                0x08003848                _dtoa_r
 .text._localeconv_r
                0x0800447c        0x8 d:/software/build-tools/arm-gcc-eabi/bin/../lib/gcc/arm-none-eabi/10.3.1/../../../../arm-none-eabi/lib/thumb/v6-m/nofp\libc_nano.a(lib_a-localeconv.o)
                0x0800447c                _localeconv_r
 .text.malloc   0x08004484       0x14 d:/software/build-tools/arm-gcc-eabi/bin/../lib/gcc/arm-none-eabi/10.3.1/../../../../arm-none-eabi/lib/thumb/v6-m/nofp\libc_nano.a(lib_a-malloc.o)
                0x08004484                malloc
 .text.memchr   0x08004498       0x16 d:/software/build-tools/arm-gcc-eabi/bin/../lib/gcc/arm-none-eabi/10.3.1/../../../../arm-none-eabi/lib/thumb/v6-m/nofp\libc_nano.a(lib_a-memchr-stub.o)
                0x08004498                memchr
 .text.memcpy   0x080044ae       0x12 d:/software/build-tools/arm-gcc-eabi/bin/../lib/gcc/arm-none-eabi/10.3.1/../../../../arm-none-eabi/lib/thumb/v6-m/nofp\libc_nano.a(lib_a-memcpy-stub.o)
                0x080044ae                memcpy
 .text._Balloc  0x080044c0       0x88 d:/software/build-tools/arm-gcc-eabi/bin/../lib/gcc/arm-none-eabi/10.3.1/../../../../arm-none-eabi/lib/thumb/v6-m/nofp\libc_nano.a(lib_a-mprec.o)
                0x080044c0                _Balloc
 .text._Bfree   0x08004548       0x48 d:/software/build-tools/arm-gcc-eabi/bin/../lib/gcc/arm-none-eabi/10.3.1/../../../../arm-none-eabi/lib/thumb/v6-m/nofp\libc_nano.a(lib_a-mprec.o)
                0x08004548                _Bfree
 .text.__multadd
                0x08004590       0x88 d:/software/build-tools/arm-gcc-eabi/bin/../lib/gcc/arm-none-eabi/10.3.1/../../../../arm-none-eabi/lib/thumb/v6-m/nofp\libc_nano.a(lib_a-mprec.o)
                0x08004590                __multadd
 .text.__hi0bits
                0x08004618       0x34 d:/software/build-tools/arm-gcc-eabi/bin/../lib/gcc/arm-none-eabi/10.3.1/../../../../arm-none-eabi/lib/thumb/v6-m/nofp\libc_nano.a(lib_a-mprec.o)
                0x08004618                __hi0bits
 .text.__lo0bits
                0x0800464c       0x5c d:/software/build-tools/arm-gcc-eabi/bin/../lib/gcc/arm-none-eabi/10.3.1/../../../../arm-none-eabi/lib/thumb/v6-m/nofp\libc_nano.a(lib_a-mprec.o)
                0x0800464c                __lo0bits
 .text.__i2b    0x080046a8       0x2c d:/software/build-tools/arm-gcc-eabi/bin/../lib/gcc/arm-none-eabi/10.3.1/../../../../arm-none-eabi/lib/thumb/v6-m/nofp\libc_nano.a(lib_a-mprec.o)
                0x080046a8                __i2b
 .text.__multiply
                0x080046d4      0x160 d:/software/build-tools/arm-gcc-eabi/bin/../lib/gcc/arm-none-eabi/10.3.1/../../../../arm-none-eabi/lib/thumb/v6-m/nofp\libc_nano.a(lib_a-mprec.o)
                0x080046d4                __multiply
 .text.__pow5mult
                0x08004834       0xb8 d:/software/build-tools/arm-gcc-eabi/bin/../lib/gcc/arm-none-eabi/10.3.1/../../../../arm-none-eabi/lib/thumb/v6-m/nofp\libc_nano.a(lib_a-mprec.o)
                0x08004834                __pow5mult
 .text.__lshift
                0x080048ec       0xdc d:/software/build-tools/arm-gcc-eabi/bin/../lib/gcc/arm-none-eabi/10.3.1/../../../../arm-none-eabi/lib/thumb/v6-m/nofp\libc_nano.a(lib_a-mprec.o)
                0x080048ec                __lshift
 .text.__mcmp   0x080049c8       0x36 d:/software/build-tools/arm-gcc-eabi/bin/../lib/gcc/arm-none-eabi/10.3.1/../../../../arm-none-eabi/lib/thumb/v6-m/nofp\libc_nano.a(lib_a-mprec.o)
                0x080049c8                __mcmp
 *fill*         0x080049fe        0x2 
 .text.__mdiff  0x08004a00      0x130 d:/software/build-tools/arm-gcc-eabi/bin/../lib/gcc/arm-none-eabi/10.3.1/../../../../arm-none-eabi/lib/thumb/v6-m/nofp\libc_nano.a(lib_a-mprec.o)
                0x08004a00                __mdiff
 .text.__d2b    0x08004b30       0xc8 d:/software/build-tools/arm-gcc-eabi/bin/../lib/gcc/arm-none-eabi/10.3.1/../../../../arm-none-eabi/lib/thumb/v6-m/nofp\libc_nano.a(lib_a-mprec.o)
                0x08004b30                __d2b
 .text._calloc_r
                0x08004bf8       0x58 d:/software/build-tools/arm-gcc-eabi/bin/../lib/gcc/arm-none-eabi/10.3.1/../../../../arm-none-eabi/lib/thumb/v6-m/nofp\libc_nano.a(lib_a-nano-callocr.o)
                0x08004bf8                _calloc_r
 .text._free_r  0x08004c50       0x94 d:/software/build-tools/arm-gcc-eabi/bin/../lib/gcc/arm-none-eabi/10.3.1/../../../../arm-none-eabi/lib/thumb/v6-m/nofp\libc_nano.a(lib_a-nano-freer.o)
                0x08004c50                _free_r
 .text.sbrk_aligned
                0x08004ce4       0x44 d:/software/build-tools/arm-gcc-eabi/bin/../lib/gcc/arm-none-eabi/10.3.1/../../../../arm-none-eabi/lib/thumb/v6-m/nofp\libc_nano.a(lib_a-nano-mallocr.o)
 .text._malloc_r
                0x08004d28       0xec d:/software/build-tools/arm-gcc-eabi/bin/../lib/gcc/arm-none-eabi/10.3.1/../../../../arm-none-eabi/lib/thumb/v6-m/nofp\libc_nano.a(lib_a-nano-mallocr.o)
                0x08004d28                _malloc_r
 .text._sbrk_r  0x08004e14       0x24 d:/software/build-tools/arm-gcc-eabi/bin/../lib/gcc/arm-none-eabi/10.3.1/../../../../arm-none-eabi/lib/thumb/v6-m/nofp\libc_nano.a(lib_a-sbrkr.o)
                0x08004e14                _sbrk_r
 .text.__assert_func
                0x08004e38       0x3c d:/software/build-tools/arm-gcc-eabi/bin/../lib/gcc/arm-none-eabi/10.3.1/../../../../arm-none-eabi/lib/thumb/v6-m/nofp\libc_nano.a(lib_a-assert.o)
                0x08004e38                __assert_func
 .text.fprintf  0x08004e74       0x20 d:/software/build-tools/arm-gcc-eabi/bin/../lib/gcc/arm-none-eabi/10.3.1/../../../../arm-none-eabi/lib/thumb/v6-m/nofp\libc_nano.a(lib_a-fprintf.o)
                0x08004e74                fiprintf
                0x08004e74                fprintf
 .text.__ascii_mbtowc
                0x08004e94       0x24 d:/software/build-tools/arm-gcc-eabi/bin/../lib/gcc/arm-none-eabi/10.3.1/../../../../arm-none-eabi/lib/thumb/v6-m/nofp\libc_nano.a(lib_a-mbtowc_r.o)
                0x08004e94                __ascii_mbtowc
 .text.__malloc_lock
                0x08004eb8       0x10 d:/software/build-tools/arm-gcc-eabi/bin/../lib/gcc/arm-none-eabi/10.3.1/../../../../arm-none-eabi/lib/thumb/v6-m/nofp\libc_nano.a(lib_a-mlock.o)
                0x08004eb8                __malloc_lock
 .text.__malloc_unlock
                0x08004ec8       0x10 d:/software/build-tools/arm-gcc-eabi/bin/../lib/gcc/arm-none-eabi/10.3.1/../../../../arm-none-eabi/lib/thumb/v6-m/nofp\libc_nano.a(lib_a-mlock.o)
                0x08004ec8                __malloc_unlock
 .text.__sfputc_r
                0x08004ed8       0x2a d:/software/build-tools/arm-gcc-eabi/bin/../lib/gcc/arm-none-eabi/10.3.1/../../../../arm-none-eabi/lib/thumb/v6-m/nofp\libc_nano.a(lib_a-nano-vfprintf.o)
 .text.__sfputs_r
                0x08004f02       0x24 d:/software/build-tools/arm-gcc-eabi/bin/../lib/gcc/arm-none-eabi/10.3.1/../../../../arm-none-eabi/lib/thumb/v6-m/nofp\libc_nano.a(lib_a-nano-vfprintf.o)
                0x08004f02                __sfputs_r
 *fill*         0x08004f26        0x2 
 .text._vfprintf_r
                0x08004f28      0x274 d:/software/build-tools/arm-gcc-eabi/bin/../lib/gcc/arm-none-eabi/10.3.1/../../../../arm-none-eabi/lib/thumb/v6-m/nofp\libc_nano.a(lib_a-nano-vfprintf.o)
                0x08004f28                _vfprintf_r
                0x08004f28                _vfiprintf_r
 .text.__swbuf_r
                0x0800519c       0xac d:/software/build-tools/arm-gcc-eabi/bin/../lib/gcc/arm-none-eabi/10.3.1/../../../../arm-none-eabi/lib/thumb/v6-m/nofp\libc_nano.a(lib_a-wbuf.o)
                0x0800519c                __swbuf_r
 .text.__ascii_wctomb
                0x08005248       0x1a d:/software/build-tools/arm-gcc-eabi/bin/../lib/gcc/arm-none-eabi/10.3.1/../../../../arm-none-eabi/lib/thumb/v6-m/nofp\libc_nano.a(lib_a-wctomb_r.o)
                0x08005248                __ascii_wctomb
 *fill*         0x08005262        0x2 
 .text.__swsetup_r
                0x08005264       0xf0 d:/software/build-tools/arm-gcc-eabi/bin/../lib/gcc/arm-none-eabi/10.3.1/../../../../arm-none-eabi/lib/thumb/v6-m/nofp\libc_nano.a(lib_a-wsetup.o)
                0x08005264                __swsetup_r
 .text.abort    0x08005354        0xe d:/software/build-tools/arm-gcc-eabi/bin/../lib/gcc/arm-none-eabi/10.3.1/../../../../arm-none-eabi/lib/thumb/v6-m/nofp\libc_nano.a(lib_a-abort.o)
                0x08005354                abort
 *fill*         0x08005362        0x2 
 .text.__sflush_r
                0x08005364      0x118 d:/software/build-tools/arm-gcc-eabi/bin/../lib/gcc/arm-none-eabi/10.3.1/../../../../arm-none-eabi/lib/thumb/v6-m/nofp\libc_nano.a(lib_a-fflush.o)
                0x08005364                __sflush_r
 .text._fflush_r
                0x0800547c       0x80 d:/software/build-tools/arm-gcc-eabi/bin/../lib/gcc/arm-none-eabi/10.3.1/../../../../arm-none-eabi/lib/thumb/v6-m/nofp\libc_nano.a(lib_a-fflush.o)
                0x0800547c                _fflush_r
 .text.std      0x080054fc       0x48 d:/software/build-tools/arm-gcc-eabi/bin/../lib/gcc/arm-none-eabi/10.3.1/../../../../arm-none-eabi/lib/thumb/v6-m/nofp\libc_nano.a(lib_a-findfp.o)
 .text._cleanup_r
                0x08005544       0x10 d:/software/build-tools/arm-gcc-eabi/bin/../lib/gcc/arm-none-eabi/10.3.1/../../../../arm-none-eabi/lib/thumb/v6-m/nofp\libc_nano.a(lib_a-findfp.o)
                0x08005544                _cleanup_r
 .text.__sfmoreglue
                0x08005554       0x2c d:/software/build-tools/arm-gcc-eabi/bin/../lib/gcc/arm-none-eabi/10.3.1/../../../../arm-none-eabi/lib/thumb/v6-m/nofp\libc_nano.a(lib_a-findfp.o)
                0x08005554                __sfmoreglue
 .text.__sfp_lock_acquire
                0x08005580       0x10 d:/software/build-tools/arm-gcc-eabi/bin/../lib/gcc/arm-none-eabi/10.3.1/../../../../arm-none-eabi/lib/thumb/v6-m/nofp\libc_nano.a(lib_a-findfp.o)
                0x08005580                __sfp_lock_acquire
 .text.__sfp_lock_release
                0x08005590       0x10 d:/software/build-tools/arm-gcc-eabi/bin/../lib/gcc/arm-none-eabi/10.3.1/../../../../arm-none-eabi/lib/thumb/v6-m/nofp\libc_nano.a(lib_a-findfp.o)
                0x08005590                __sfp_lock_release
 .text.__sinit_lock_acquire
                0x080055a0       0x10 d:/software/build-tools/arm-gcc-eabi/bin/../lib/gcc/arm-none-eabi/10.3.1/../../../../arm-none-eabi/lib/thumb/v6-m/nofp\libc_nano.a(lib_a-findfp.o)
                0x080055a0                __sinit_lock_acquire
 .text.__sinit_lock_release
                0x080055b0       0x10 d:/software/build-tools/arm-gcc-eabi/bin/../lib/gcc/arm-none-eabi/10.3.1/../../../../arm-none-eabi/lib/thumb/v6-m/nofp\libc_nano.a(lib_a-findfp.o)
                0x080055b0                __sinit_lock_release
 .text.__sinit  0x080055c0       0x70 d:/software/build-tools/arm-gcc-eabi/bin/../lib/gcc/arm-none-eabi/10.3.1/../../../../arm-none-eabi/lib/thumb/v6-m/nofp\libc_nano.a(lib_a-findfp.o)
                0x080055c0                __sinit
 .text.__sfp    0x08005630       0x90 d:/software/build-tools/arm-gcc-eabi/bin/../lib/gcc/arm-none-eabi/10.3.1/../../../../arm-none-eabi/lib/thumb/v6-m/nofp\libc_nano.a(lib_a-findfp.o)
                0x08005630                __sfp
 .text._fwalk_reent
                0x080056c0       0x40 d:/software/build-tools/arm-gcc-eabi/bin/../lib/gcc/arm-none-eabi/10.3.1/../../../../arm-none-eabi/lib/thumb/v6-m/nofp\libc_nano.a(lib_a-fwalk.o)
                0x080056c0                _fwalk_reent
 .text.__retarget_lock_init_recursive
                0x08005700        0x2 d:/software/build-tools/arm-gcc-eabi/bin/../lib/gcc/arm-none-eabi/10.3.1/../../../../arm-none-eabi/lib/thumb/v6-m/nofp\libc_nano.a(lib_a-lock.o)
                0x08005700                __retarget_lock_init_recursive
 .text.__retarget_lock_acquire_recursive
                0x08005702        0x2 d:/software/build-tools/arm-gcc-eabi/bin/../lib/gcc/arm-none-eabi/10.3.1/../../../../arm-none-eabi/lib/thumb/v6-m/nofp\libc_nano.a(lib_a-lock.o)
                0x08005702                __retarget_lock_acquire_recursive
 .text.__retarget_lock_release_recursive
                0x08005704        0x2 d:/software/build-tools/arm-gcc-eabi/bin/../lib/gcc/arm-none-eabi/10.3.1/../../../../arm-none-eabi/lib/thumb/v6-m/nofp\libc_nano.a(lib_a-lock.o)
                0x08005704                __retarget_lock_release_recursive
 *fill*         0x08005706        0x2 
 .text.__swhatbuf_r
                0x08005708       0x50 d:/software/build-tools/arm-gcc-eabi/bin/../lib/gcc/arm-none-eabi/10.3.1/../../../../arm-none-eabi/lib/thumb/v6-m/nofp\libc_nano.a(lib_a-makebuf.o)
                0x08005708                __swhatbuf_r
 .text.__smakebuf_r
                0x08005758       0x88 d:/software/build-tools/arm-gcc-eabi/bin/../lib/gcc/arm-none-eabi/10.3.1/../../../../arm-none-eabi/lib/thumb/v6-m/nofp\libc_nano.a(lib_a-makebuf.o)
                0x08005758                __smakebuf_r
 .text._raise_r
                0x080057e0       0x54 d:/software/build-tools/arm-gcc-eabi/bin/../lib/gcc/arm-none-eabi/10.3.1/../../../../arm-none-eabi/lib/thumb/v6-m/nofp\libc_nano.a(lib_a-signal.o)
                0x080057e0                _raise_r
 .text.raise    0x08005834       0x14 d:/software/build-tools/arm-gcc-eabi/bin/../lib/gcc/arm-none-eabi/10.3.1/../../../../arm-none-eabi/lib/thumb/v6-m/nofp\libc_nano.a(lib_a-signal.o)
                0x08005834                raise
 .text._kill_r  0x08005848       0x24 d:/software/build-tools/arm-gcc-eabi/bin/../lib/gcc/arm-none-eabi/10.3.1/../../../../arm-none-eabi/lib/thumb/v6-m/nofp\libc_nano.a(lib_a-signalr.o)
                0x08005848                _kill_r
 .text._getpid_r
                0x0800586c        0x8 d:/software/build-tools/arm-gcc-eabi/bin/../lib/gcc/arm-none-eabi/10.3.1/../../../../arm-none-eabi/lib/thumb/v6-m/nofp\libc_nano.a(lib_a-signalr.o)
                0x0800586c                _getpid_r
 .text.__sread  0x08005874       0x28 d:/software/build-tools/arm-gcc-eabi/bin/../lib/gcc/arm-none-eabi/10.3.1/../../../../arm-none-eabi/lib/thumb/v6-m/nofp\libc_nano.a(lib_a-stdio.o)
                0x08005874                __sread
 .text.__swrite
                0x0800589c       0x38 d:/software/build-tools/arm-gcc-eabi/bin/../lib/gcc/arm-none-eabi/10.3.1/../../../../arm-none-eabi/lib/thumb/v6-m/nofp\libc_nano.a(lib_a-stdio.o)
                0x0800589c                __swrite
 .text.__sseek  0x080058d4       0x2c d:/software/build-tools/arm-gcc-eabi/bin/../lib/gcc/arm-none-eabi/10.3.1/../../../../arm-none-eabi/lib/thumb/v6-m/nofp\libc_nano.a(lib_a-stdio.o)
                0x080058d4                __sseek
 .text.__sclose
                0x08005900        0xc d:/software/build-tools/arm-gcc-eabi/bin/../lib/gcc/arm-none-eabi/10.3.1/../../../../arm-none-eabi/lib/thumb/v6-m/nofp\libc_nano.a(lib_a-stdio.o)
                0x08005900                __sclose
 .text._write_r
                0x0800590c       0x28 d:/software/build-tools/arm-gcc-eabi/bin/../lib/gcc/arm-none-eabi/10.3.1/../../../../arm-none-eabi/lib/thumb/v6-m/nofp\libc_nano.a(lib_a-writer.o)
                0x0800590c                _write_r
 .text._close_r
                0x08005934       0x24 d:/software/build-tools/arm-gcc-eabi/bin/../lib/gcc/arm-none-eabi/10.3.1/../../../../arm-none-eabi/lib/thumb/v6-m/nofp\libc_nano.a(lib_a-closer.o)
                0x08005934                _close_r
 .text._fstat_r
                0x08005958       0x24 d:/software/build-tools/arm-gcc-eabi/bin/../lib/gcc/arm-none-eabi/10.3.1/../../../../arm-none-eabi/lib/thumb/v6-m/nofp\libc_nano.a(lib_a-fstatr.o)
                0x08005958                _fstat_r
 .text._isatty_r
                0x0800597c       0x24 d:/software/build-tools/arm-gcc-eabi/bin/../lib/gcc/arm-none-eabi/10.3.1/../../../../arm-none-eabi/lib/thumb/v6-m/nofp\libc_nano.a(lib_a-isattyr.o)
                0x0800597c                _isatty_r
 .text._lseek_r
                0x080059a0       0x28 d:/software/build-tools/arm-gcc-eabi/bin/../lib/gcc/arm-none-eabi/10.3.1/../../../../arm-none-eabi/lib/thumb/v6-m/nofp\libc_nano.a(lib_a-lseekr.o)
                0x080059a0                _lseek_r
 .text._read_r  0x080059c8       0x28 d:/software/build-tools/arm-gcc-eabi/bin/../lib/gcc/arm-none-eabi/10.3.1/../../../../arm-none-eabi/lib/thumb/v6-m/nofp\libc_nano.a(lib_a-readr.o)
                0x080059c8                _read_r
 .text.AT24CXX_Init
                0x080059f0        0x4 CMakeFiles/SLK-01_V1_0.dir/HardWare/Src/24cxx.c.obj
                0x080059f0                AT24CXX_Init
 .text.AT24CXX_ReadOneByte
                0x080059f4       0x5c CMakeFiles/SLK-01_V1_0.dir/HardWare/Src/24cxx.c.obj
                0x080059f4                AT24CXX_ReadOneByte
 .text.AT24CXX_WriteOneByte
                0x08005a50       0x50 CMakeFiles/SLK-01_V1_0.dir/HardWare/Src/24cxx.c.obj
                0x08005a50                AT24CXX_WriteOneByte
 .text.AT24C02_WriteAllBytes
                0x08005aa0       0x24 CMakeFiles/SLK-01_V1_0.dir/HardWare/Src/24cxx.c.obj
                0x08005aa0                AT24C02_WriteAllBytes
 .text.AT24CXX_ReadOrWriteZero
                0x08005ac4       0x3c CMakeFiles/SLK-01_V1_0.dir/HardWare/Src/24cxx.c.obj
                0x08005ac4                AT24CXX_ReadOrWriteZero
 .text.AT24CXX_WriteUInt16
                0x08005b00       0x18 CMakeFiles/SLK-01_V1_0.dir/HardWare/Src/24cxx.c.obj
                0x08005b00                AT24CXX_WriteUInt16
 .text.prepare_data_set
                0x08005b18      0x15c CMakeFiles/SLK-01_V1_0.dir/HardWare/Src/24cxx.c.obj
                0x08005b18                prepare_data_set
 .text.AD24C01_Factory_formatted
                0x08005c74       0xf0 CMakeFiles/SLK-01_V1_0.dir/HardWare/Src/24cxx.c.obj
                0x08005c74                AD24C01_Factory_formatted
 .text.Button_detection
                0x08005d64      0x13c CMakeFiles/SLK-01_V1_0.dir/HardWare/Src/Button.c.obj
                0x08005d64                Button_detection
 .text.UART_RECEPT_Task
                0x08005ea0       0x2c CMakeFiles/SLK-01_V1_0.dir/HardWare/Src/UserApp.c.obj
                0x08005ea0                UART_RECEPT_Task
 .text.Button_State_Task
                0x08005ecc       0x44 CMakeFiles/SLK-01_V1_0.dir/HardWare/Src/UserApp.c.obj
                0x08005ecc                Button_State_Task
 .text.APP_task
                0x08005f10       0x68 CMakeFiles/SLK-01_V1_0.dir/HardWare/Src/UserApp.c.obj
                0x08005f10                APP_task
 .text.Motor_go_home_task
                0x08005f78       0x30 CMakeFiles/SLK-01_V1_0.dir/HardWare/Src/UserApp.c.obj
                0x08005f78                Motor_go_home_task
 .text.Device_Check_Task
                0x08005fa8       0x24 CMakeFiles/SLK-01_V1_0.dir/HardWare/Src/UserApp.c.obj
                0x08005fa8                Device_Check_Task
 .text.Heat_Task
                0x08005fcc       0x70 CMakeFiles/SLK-01_V1_0.dir/HardWare/Src/UserApp.c.obj
                0x08005fcc                Heat_Task
 .text.Press_Task
                0x0800603c       0x34 CMakeFiles/SLK-01_V1_0.dir/HardWare/Src/UserApp.c.obj
                0x0800603c                Press_Task
 .text.Main     0x08006070      0x254 CMakeFiles/SLK-01_V1_0.dir/HardWare/Src/UserApp.c.obj
                0x08006070                Main
 .text.SPI2_DMA_Semaphores_Init
                0x080062c4       0x4c CMakeFiles/SLK-01_V1_0.dir/HardWare/Src/ads1220.c.obj
                0x080062c4                SPI2_DMA_Semaphores_Init
 .text.SPI2_Transmit_DMA
                0x08006310       0x50 CMakeFiles/SLK-01_V1_0.dir/HardWare/Src/ads1220.c.obj
                0x08006310                SPI2_Transmit_DMA
 .text.SPI2_Receive_DMA
                0x08006360       0x50 CMakeFiles/SLK-01_V1_0.dir/HardWare/Src/ads1220.c.obj
                0x08006360                SPI2_Receive_DMA
 .text.ADS1220_WriteRegister
                0x080063b0       0x50 CMakeFiles/SLK-01_V1_0.dir/HardWare/Src/ads1220.c.obj
                0x080063b0                ADS1220_WriteRegister
 .text.ADS1220_Init
                0x08006400       0x90 CMakeFiles/SLK-01_V1_0.dir/HardWare/Src/ads1220.c.obj
                0x08006400                ADS1220_Init
 .text.ADS1220_StartConversion
                0x08006490       0x38 CMakeFiles/SLK-01_V1_0.dir/HardWare/Src/ads1220.c.obj
                0x08006490                ADS1220_StartConversion
 .text.ADS1220_StopConversion
                0x080064c8       0x38 CMakeFiles/SLK-01_V1_0.dir/HardWare/Src/ads1220.c.obj
                0x080064c8                ADS1220_StopConversion
 .text.ADS1220_ReadData
                0x08006500       0xa8 CMakeFiles/SLK-01_V1_0.dir/HardWare/Src/ads1220.c.obj
                0x08006500                ADS1220_ReadData
 .text.ADS1220_ReadPressure
                0x080065a8       0x68 CMakeFiles/SLK-01_V1_0.dir/HardWare/Src/ads1220.c.obj
                0x080065a8                ADS1220_ReadPressure
 .text.Discard_dirty_data
                0x08006610       0x18 CMakeFiles/SLK-01_V1_0.dir/HardWare/Src/ads1220.c.obj
                0x08006610                Discard_dirty_data
 .text.STATE_POWER_5V_Update
                0x08006628       0x34 CMakeFiles/SLK-01_V1_0.dir/HardWare/Src/app_sys.c.obj
                0x08006628                STATE_POWER_5V_Update
 .text.BQ25895_Write_IT
                0x0800665c       0x88 CMakeFiles/SLK-01_V1_0.dir/HardWare/Src/bq25895.c.obj
                0x0800665c                BQ25895_Write_IT
 .text.BQ25895_Write
                0x080066e4        0x8 CMakeFiles/SLK-01_V1_0.dir/HardWare/Src/bq25895.c.obj
                0x080066e4                BQ25895_Write
 .text.BQ25895_Init
                0x080066ec       0x44 CMakeFiles/SLK-01_V1_0.dir/HardWare/Src/bq25895.c.obj
                0x080066ec                BQ25895_Init
 .text.BQ25895_Read_IT
                0x08006730       0x8c CMakeFiles/SLK-01_V1_0.dir/HardWare/Src/bq25895.c.obj
                0x08006730                BQ25895_Read_IT
 .text.UpdateChargeState_bq25895
                0x080067bc       0x6c CMakeFiles/SLK-01_V1_0.dir/HardWare/Src/bq25895.c.obj
                0x080067bc                UpdateChargeState_bq25895
 .text.I2C_Semaphore_Init
                0x08006828       0x40 CMakeFiles/SLK-01_V1_0.dir/HardWare/Src/bq27441.c.obj
                0x08006828                I2C_Semaphore_Init
 .text.BQ27441_Read_IT
                0x08006868       0x8c CMakeFiles/SLK-01_V1_0.dir/HardWare/Src/bq27441.c.obj
                0x08006868                BQ27441_Read_IT
 .text.BQ27441_Write_IT
                0x080068f4       0x8c CMakeFiles/SLK-01_V1_0.dir/HardWare/Src/bq27441.c.obj
                0x080068f4                BQ27441_Write_IT
 .text.BQ27441_Init
                0x08006980      0x51c CMakeFiles/SLK-01_V1_0.dir/HardWare/Src/bq27441.c.obj
                0x08006980                BQ27441_Init
 .text.BQ27441_MultiRead_DMA
                0x08006e9c       0x3c CMakeFiles/SLK-01_V1_0.dir/HardWare/Src/bq27441.c.obj
                0x08006e9c                BQ27441_MultiRead_DMA
 .text.battery_status_update_bq27441
                0x08006ed8       0x90 CMakeFiles/SLK-01_V1_0.dir/HardWare/Src/bq27441.c.obj
                0x08006ed8                battery_status_update_bq27441
 .text.UART1_CMDHandler
                0x08006f68      0x354 CMakeFiles/SLK-01_V1_0.dir/HardWare/Src/communication.c.obj
                0x08006f68                UART1_CMDHandler
 .text.UART1_CMDHandler_prepare
                0x080072bc      0x2d0 CMakeFiles/SLK-01_V1_0.dir/HardWare/Src/communication.c.obj
                0x080072bc                UART1_CMDHandler_prepare
 .text.command_parsing
                0x0800758c      0x13c CMakeFiles/SLK-01_V1_0.dir/HardWare/Src/communication.c.obj
                0x0800758c                command_parsing
 .text.ScreenUpdateForce
                0x080076c8       0x64 CMakeFiles/SLK-01_V1_0.dir/HardWare/Src/communication.c.obj
                0x080076c8                ScreenUpdateForce
 .text.ScreenUpdateTemperature
                0x0800772c       0x70 CMakeFiles/SLK-01_V1_0.dir/HardWare/Src/communication.c.obj
                0x0800772c                ScreenUpdateTemperature
 .text.ScreenUpdateSOC
                0x0800779c       0x48 CMakeFiles/SLK-01_V1_0.dir/HardWare/Src/communication.c.obj
                0x0800779c                ScreenUpdateSOC
 .text.ScreenWorkModeQuit
                0x080077e4       0x3c CMakeFiles/SLK-01_V1_0.dir/HardWare/Src/communication.c.obj
                0x080077e4                ScreenWorkModeQuit
 .text.ScreenTimerStart
                0x08007820       0x34 CMakeFiles/SLK-01_V1_0.dir/HardWare/Src/communication.c.obj
                0x08007820                ScreenTimerStart
 .text.Eye_twitching_invalid_master
                0x08007854       0x24 CMakeFiles/SLK-01_V1_0.dir/HardWare/Src/communication.c.obj
                0x08007854                Eye_twitching_invalid_master
 .text.Serial_data_stream_parsing
                0x08007878      0x128 CMakeFiles/SLK-01_V1_0.dir/HardWare/Src/communication.c.obj
                0x08007878                Serial_data_stream_parsing
 .text.delay_us
                0x080079a0       0x28 CMakeFiles/SLK-01_V1_0.dir/HardWare/Src/delay.c.obj
                0x080079a0                delay_us
 .text.HeatInit
                0x080079c8       0x3c CMakeFiles/SLK-01_V1_0.dir/HardWare/Src/heat.c.obj
                0x080079c8                HeatInit
 .text.HeatPWM  0x08007a04       0x1c CMakeFiles/SLK-01_V1_0.dir/HardWare/Src/heat.c.obj
                0x08007a04                HeatPWM
 .text.HeatPWMSet
                0x08007a20        0xc CMakeFiles/SLK-01_V1_0.dir/HardWare/Src/heat.c.obj
                0x08007a20                HeatPWMSet
 .text.I2C_Start
                0x08007a2c       0x50 CMakeFiles/SLK-01_V1_0.dir/HardWare/Src/iic.c.obj
                0x08007a2c                I2C_Start
 .text.I2C_Stop
                0x08007a7c       0x54 CMakeFiles/SLK-01_V1_0.dir/HardWare/Src/iic.c.obj
                0x08007a7c                I2C_Stop
 .text.I2C_Wait_Ack
                0x08007ad0       0x70 CMakeFiles/SLK-01_V1_0.dir/HardWare/Src/iic.c.obj
                0x08007ad0                I2C_Wait_Ack
 .text.I2C_Send_Byte
                0x08007b40       0x7c CMakeFiles/SLK-01_V1_0.dir/HardWare/Src/iic.c.obj
                0x08007b40                I2C_Send_Byte
 .text.I2C_Ack  0x08007bbc       0x50 CMakeFiles/SLK-01_V1_0.dir/HardWare/Src/iic.c.obj
                0x08007bbc                I2C_Ack
 .text.I2C_NAck
                0x08007c0c       0x50 CMakeFiles/SLK-01_V1_0.dir/HardWare/Src/iic.c.obj
                0x08007c0c                I2C_NAck
 .text.I2C_Read_Byte
                0x08007c5c       0x84 CMakeFiles/SLK-01_V1_0.dir/HardWare/Src/iic.c.obj
                0x08007c5c                I2C_Read_Byte
 .text.Calculate_CRC
                0x08007ce0       0x4c CMakeFiles/SLK-01_V1_0.dir/HardWare/Src/interface_uart.c.obj
                0x08007ce0                Calculate_CRC
 .text.__io_putchar
                0x08007d2c       0x1c CMakeFiles/SLK-01_V1_0.dir/HardWare/Src/interface_uart.c.obj
                0x08007d2c                __io_putchar
 .text.LOG      0x08007d48       0x40 CMakeFiles/SLK-01_V1_0.dir/HardWare/Src/interface_uart.c.obj
                0x08007d48                LOG
 .text.USART2_DMA_Init
                0x08007d88       0x34 CMakeFiles/SLK-01_V1_0.dir/HardWare/Src/interface_uart.c.obj
                0x08007d88                USART2_DMA_Init
 .text.USART2_DMA_Send
                0x08007dbc       0x58 CMakeFiles/SLK-01_V1_0.dir/HardWare/Src/interface_uart.c.obj
                0x08007dbc                USART2_DMA_Send
 .text.PID_Init
                0x08007e14       0x24 CMakeFiles/SLK-01_V1_0.dir/HardWare/Src/pid.c.obj
                0x08007e14                PID_Init
 .text.PID_Compute
                0x08007e38       0xc8 CMakeFiles/SLK-01_V1_0.dir/HardWare/Src/pid.c.obj
                0x08007e38                PID_Compute
 .text.ws2812_white_delay_callback
                0x08007f00       0x3c CMakeFiles/SLK-01_V1_0.dir/HardWare/Src/time_callback.c.obj
                0x08007f00                ws2812_white_delay_callback
 .text.ws2812_yellow_callback
                0x08007f3c       0x14 CMakeFiles/SLK-01_V1_0.dir/HardWare/Src/time_callback.c.obj
                0x08007f3c                ws2812_yellow_callback
 .text.breath_delay_Callback
                0x08007f50        0xc CMakeFiles/SLK-01_V1_0.dir/HardWare/Src/time_callback.c.obj
                0x08007f50                breath_delay_Callback
 .text.motor_grab3s_Callback
                0x08007f5c        0xc CMakeFiles/SLK-01_V1_0.dir/HardWare/Src/time_callback.c.obj
                0x08007f5c                motor_grab3s_Callback
 .text.motor_back_1sCallback
                0x08007f68        0xc CMakeFiles/SLK-01_V1_0.dir/HardWare/Src/time_callback.c.obj
                0x08007f68                motor_back_1sCallback
 .text.buttton_Callback
                0x08007f74       0x28 CMakeFiles/SLK-01_V1_0.dir/HardWare/Src/time_callback.c.obj
                0x08007f74                buttton_Callback
 .text.tempareture_pid_timer
                0x08007f9c       0x24 CMakeFiles/SLK-01_V1_0.dir/HardWare/Src/time_callback.c.obj
                0x08007f9c                tempareture_pid_timer
 .text.SerialTimeout_Callback
                0x08007fc0        0xc CMakeFiles/SLK-01_V1_0.dir/HardWare/Src/time_callback.c.obj
                0x08007fc0                SerialTimeout_Callback
 .text.TMC5130_Read
                0x08007fcc       0x88 CMakeFiles/SLK-01_V1_0.dir/HardWare/Src/tmc5130.c.obj
                0x08007fcc                TMC5130_Read
 .text.TMC5130_Write
                0x08008054       0x48 CMakeFiles/SLK-01_V1_0.dir/HardWare/Src/tmc5130.c.obj
                0x08008054                TMC5130_Write
 .text.TMC5130_Init
                0x0800809c      0x2f8 CMakeFiles/SLK-01_V1_0.dir/HardWare/Src/tmc5130.c.obj
                0x0800809c                TMC5130_Init
 .text.VelocityModeMove
                0x08008394       0x44 CMakeFiles/SLK-01_V1_0.dir/HardWare/Src/tmc5130.c.obj
                0x08008394                VelocityModeMove
 .text.MotorChecking
                0x080083d8      0x118 CMakeFiles/SLK-01_V1_0.dir/HardWare/Src/tmc5130.c.obj
                0x080083d8                MotorChecking
 .text.PressureControl
                0x080084f0      0x304 CMakeFiles/SLK-01_V1_0.dir/HardWare/Src/tmc5130.c.obj
                0x080084f0                PressureControl
 .text.TMP112_IsDevicePresent
                0x080087f4       0x34 CMakeFiles/SLK-01_V1_0.dir/HardWare/Src/tmp112.c.obj
                0x080087f4                TMP112_IsDevicePresent
 .text.TmpRaw2Ture
                0x08008828       0xb0 CMakeFiles/SLK-01_V1_0.dir/HardWare/Src/tmp112.c.obj
                0x08008828                TmpRaw2Ture
 .text.PWM_WS2812B_Init
                0x080088d8       0x5c CMakeFiles/SLK-01_V1_0.dir/HardWare/Src/ws2812b.c.obj
                0x080088d8                PWM_WS2812B_Init
 .text.UpdateState
                0x08008934       0x48 CMakeFiles/SLK-01_V1_0.dir/HardWare/Src/ws2812b.c.obj
                0x08008934                UpdateState
 .text.UpdateBreathingLight
                0x0800897c       0x94 CMakeFiles/SLK-01_V1_0.dir/HardWare/Src/ws2812b.c.obj
                0x0800897c                UpdateBreathingLight
 .text.UpdateLightState
                0x08008a10      0x1cc CMakeFiles/SLK-01_V1_0.dir/HardWare/Src/ws2812b.c.obj
                0x08008a10                UpdateLightState
 .text.SystemClock_Config
                0x08008bdc       0x74 CMakeFiles/SLK-01_V1_0.dir/Core/Src/main.c.obj
                0x08008bdc                SystemClock_Config
 .text.startup.main
                0x08008c50       0x48 CMakeFiles/SLK-01_V1_0.dir/Core/Src/main.c.obj
                0x08008c50                main
 .text.HAL_TIM_PeriodElapsedCallback
                0x08008c98       0x68 CMakeFiles/SLK-01_V1_0.dir/Core/Src/main.c.obj
                0x08008c98                HAL_TIM_PeriodElapsedCallback
 .text.Error_Handler
                0x08008d00        0x4 CMakeFiles/SLK-01_V1_0.dir/Core/Src/main.c.obj
                0x08008d00                Error_Handler
 .text.MX_GPIO_Init
                0x08008d04      0x1f0 CMakeFiles/SLK-01_V1_0.dir/Core/Src/gpio.c.obj
                0x08008d04                MX_GPIO_Init
 .text.freertos_main_Task
                0x08008ef4       0x14 CMakeFiles/SLK-01_V1_0.dir/Core/Src/app_freertos.c.obj
                0x08008ef4                freertos_main_Task
 .text.MX_FREERTOS_Init
                0x08008f08       0x20 CMakeFiles/SLK-01_V1_0.dir/Core/Src/app_freertos.c.obj
                0x08008f08                MX_FREERTOS_Init
 .text.MX_DMA_Init
                0x08008f28       0x50 CMakeFiles/SLK-01_V1_0.dir/Core/Src/dma.c.obj
                0x08008f28                MX_DMA_Init
 .text.MX_I2C1_Init
                0x08008f78       0x74 CMakeFiles/SLK-01_V1_0.dir/Core/Src/i2c.c.obj
                0x08008f78                MX_I2C1_Init
 .text.MX_I2C2_Init
                0x08008fec       0x74 CMakeFiles/SLK-01_V1_0.dir/Core/Src/i2c.c.obj
                0x08008fec                MX_I2C2_Init
 .text.HAL_I2C_MspInit
                0x08009060      0x160 CMakeFiles/SLK-01_V1_0.dir/Core/Src/i2c.c.obj
                0x08009060                HAL_I2C_MspInit
 .text.HAL_I2C_MspDeInit
                0x080091c0       0x84 CMakeFiles/SLK-01_V1_0.dir/Core/Src/i2c.c.obj
                0x080091c0                HAL_I2C_MspDeInit
 .text.MX_SPI1_Init
                0x08009244       0x54 CMakeFiles/SLK-01_V1_0.dir/Core/Src/spi.c.obj
                0x08009244                MX_SPI1_Init
 .text.MX_SPI2_Init
                0x08009298       0x50 CMakeFiles/SLK-01_V1_0.dir/Core/Src/spi.c.obj
                0x08009298                MX_SPI2_Init
 .text.HAL_SPI_MspInit
                0x080092e8      0x160 CMakeFiles/SLK-01_V1_0.dir/Core/Src/spi.c.obj
                0x080092e8                HAL_SPI_MspInit
 .text.MX_TIM7_Init
                0x08009448       0x5c CMakeFiles/SLK-01_V1_0.dir/Core/Src/tim.c.obj
                0x08009448                MX_TIM7_Init
 .text.MX_TIM17_Init
                0x080094a4       0x38 CMakeFiles/SLK-01_V1_0.dir/Core/Src/tim.c.obj
                0x080094a4                MX_TIM17_Init
 .text.HAL_TIM_Base_MspInit
                0x080094dc      0x110 CMakeFiles/SLK-01_V1_0.dir/Core/Src/tim.c.obj
                0x080094dc                HAL_TIM_Base_MspInit
 .text.HAL_TIM_MspPostInit
                0x080095ec       0x80 CMakeFiles/SLK-01_V1_0.dir/Core/Src/tim.c.obj
                0x080095ec                HAL_TIM_MspPostInit
 .text.MX_TIM14_Init
                0x0800966c       0x80 CMakeFiles/SLK-01_V1_0.dir/Core/Src/tim.c.obj
                0x0800966c                MX_TIM14_Init
 .text.MX_TIM16_Init
                0x080096ec       0xb8 CMakeFiles/SLK-01_V1_0.dir/Core/Src/tim.c.obj
                0x080096ec                MX_TIM16_Init
 .text.MX_USART1_UART_Init
                0x080097a4       0x90 CMakeFiles/SLK-01_V1_0.dir/Core/Src/usart.c.obj
                0x080097a4                MX_USART1_UART_Init
 .text.MX_USART2_UART_Init
                0x08009834       0xb0 CMakeFiles/SLK-01_V1_0.dir/Core/Src/usart.c.obj
                0x08009834                MX_USART2_UART_Init
 .text.HAL_UART_MspInit
                0x080098e4      0x180 CMakeFiles/SLK-01_V1_0.dir/Core/Src/usart.c.obj
                0x080098e4                HAL_UART_MspInit
 .text.HAL_UARTEx_RxEventCallback
                0x08009a64       0x84 CMakeFiles/SLK-01_V1_0.dir/Core/Src/usart.c.obj
                0x08009a64                HAL_UARTEx_RxEventCallback
 .text.HAL_UART_ErrorCallback
                0x08009ae8       0xb4 CMakeFiles/SLK-01_V1_0.dir/Core/Src/usart.c.obj
                0x08009ae8                HAL_UART_ErrorCallback
 .text.NMI_Handler
                0x08009b9c        0x4 CMakeFiles/SLK-01_V1_0.dir/Core/Src/stm32g0xx_it.c.obj
                0x08009b9c                NMI_Handler
 .text.HardFault_Handler
                0x08009ba0        0x4 CMakeFiles/SLK-01_V1_0.dir/Core/Src/stm32g0xx_it.c.obj
                0x08009ba0                HardFault_Handler
 .text.EXTI2_3_IRQHandler
                0x08009ba4        0xc CMakeFiles/SLK-01_V1_0.dir/Core/Src/stm32g0xx_it.c.obj
                0x08009ba4                EXTI2_3_IRQHandler
 .text.EXTI4_15_IRQHandler
                0x08009bb0       0x10 CMakeFiles/SLK-01_V1_0.dir/Core/Src/stm32g0xx_it.c.obj
                0x08009bb0                EXTI4_15_IRQHandler
 .text.DMA1_Channel1_IRQHandler
                0x08009bc0       0x10 CMakeFiles/SLK-01_V1_0.dir/Core/Src/stm32g0xx_it.c.obj
                0x08009bc0                DMA1_Channel1_IRQHandler
 .text.DMA1_Channel2_3_IRQHandler
                0x08009bd0       0x18 CMakeFiles/SLK-01_V1_0.dir/Core/Src/stm32g0xx_it.c.obj
                0x08009bd0                DMA1_Channel2_3_IRQHandler
 .text.DMA1_Ch4_7_DMAMUX1_OVR_IRQHandler
                0x08009be8       0x2c CMakeFiles/SLK-01_V1_0.dir/Core/Src/stm32g0xx_it.c.obj
                0x08009be8                DMA1_Ch4_7_DMAMUX1_OVR_IRQHandler
 .text.TIM6_IRQHandler
                0x08009c14       0x10 CMakeFiles/SLK-01_V1_0.dir/Core/Src/stm32g0xx_it.c.obj
                0x08009c14                TIM6_IRQHandler
 .text.TIM7_IRQHandler
                0x08009c24       0x10 CMakeFiles/SLK-01_V1_0.dir/Core/Src/stm32g0xx_it.c.obj
                0x08009c24                TIM7_IRQHandler
 .text.TIM14_IRQHandler
                0x08009c34       0x10 CMakeFiles/SLK-01_V1_0.dir/Core/Src/stm32g0xx_it.c.obj
                0x08009c34                TIM14_IRQHandler
 .text.TIM16_IRQHandler
                0x08009c44       0x10 CMakeFiles/SLK-01_V1_0.dir/Core/Src/stm32g0xx_it.c.obj
                0x08009c44                TIM16_IRQHandler
 .text.TIM17_IRQHandler
                0x08009c54       0x10 CMakeFiles/SLK-01_V1_0.dir/Core/Src/stm32g0xx_it.c.obj
                0x08009c54                TIM17_IRQHandler
 .text.I2C1_IRQHandler
                0x08009c64       0x20 CMakeFiles/SLK-01_V1_0.dir/Core/Src/stm32g0xx_it.c.obj
                0x08009c64                I2C1_IRQHandler
 .text.I2C2_IRQHandler
                0x08009c84       0x20 CMakeFiles/SLK-01_V1_0.dir/Core/Src/stm32g0xx_it.c.obj
                0x08009c84                I2C2_IRQHandler
 .text.SPI1_IRQHandler
                0x08009ca4       0x10 CMakeFiles/SLK-01_V1_0.dir/Core/Src/stm32g0xx_it.c.obj
                0x08009ca4                SPI1_IRQHandler
 .text.SPI2_IRQHandler
                0x08009cb4       0x10 CMakeFiles/SLK-01_V1_0.dir/Core/Src/stm32g0xx_it.c.obj
                0x08009cb4                SPI2_IRQHandler
 .text.USART2_IRQHandler
                0x08009cc4       0x10 CMakeFiles/SLK-01_V1_0.dir/Core/Src/stm32g0xx_it.c.obj
                0x08009cc4                USART2_IRQHandler
 .text.HAL_GPIO_EXTI_Falling_Callback
                0x08009cd4       0x34 CMakeFiles/SLK-01_V1_0.dir/Core/Src/stm32g0xx_it.c.obj
                0x08009cd4                HAL_GPIO_EXTI_Falling_Callback
 .text.HAL_GPIO_EXTI_Rising_Callback
                0x08009d08       0x10 CMakeFiles/SLK-01_V1_0.dir/Core/Src/stm32g0xx_it.c.obj
                0x08009d08                HAL_GPIO_EXTI_Rising_Callback
 .text.HAL_TIM_PWM_PulseFinishedCallback
                0x08009d18       0x1c CMakeFiles/SLK-01_V1_0.dir/Core/Src/stm32g0xx_it.c.obj
                0x08009d18                HAL_TIM_PWM_PulseFinishedCallback
 .text.HAL_UART_TxCpltCallback
                0x08009d34       0x3c CMakeFiles/SLK-01_V1_0.dir/Core/Src/stm32g0xx_it.c.obj
                0x08009d34                HAL_UART_TxCpltCallback
 .text.HAL_I2C_MemRxCpltCallback
                0x08009d70       0x3c CMakeFiles/SLK-01_V1_0.dir/Core/Src/stm32g0xx_it.c.obj
                0x08009d70                HAL_I2C_MemRxCpltCallback
 .text.HAL_I2C_MemTxCpltCallback
                0x08009dac       0x3c CMakeFiles/SLK-01_V1_0.dir/Core/Src/stm32g0xx_it.c.obj
                0x08009dac                HAL_I2C_MemTxCpltCallback
 .text.HAL_I2C_ErrorCallback
                0x08009de8       0x3c CMakeFiles/SLK-01_V1_0.dir/Core/Src/stm32g0xx_it.c.obj
                0x08009de8                HAL_I2C_ErrorCallback
 .text.HAL_SPI_TxCpltCallback
                0x08009e24       0x3c CMakeFiles/SLK-01_V1_0.dir/Core/Src/stm32g0xx_it.c.obj
                0x08009e24                HAL_SPI_TxCpltCallback
 .text.HAL_SPI_RxCpltCallback
                0x08009e60       0x64 CMakeFiles/SLK-01_V1_0.dir/Core/Src/stm32g0xx_it.c.obj
                0x08009e60                HAL_SPI_RxCpltCallback
 .text.HAL_MspInit
                0x08009ec4       0x44 CMakeFiles/SLK-01_V1_0.dir/Core/Src/stm32g0xx_hal_msp.c.obj
                0x08009ec4                HAL_MspInit
 .text.HAL_InitTick
                0x08009f08       0xa0 CMakeFiles/SLK-01_V1_0.dir/Core/Src/stm32g0xx_hal_timebase_tim.c.obj
                0x08009f08                HAL_InitTick
 .text.HAL_RCC_GetSysClockFreq.part.0
                0x08009fa8       0x60 CMakeFiles/SLK-01_V1_0.dir/Drivers/STM32G0xx_HAL_Driver/Src/stm32g0xx_hal_rcc.c.obj
 .text.HAL_RCC_OscConfig
                0x0800a008      0x4d0 CMakeFiles/SLK-01_V1_0.dir/Drivers/STM32G0xx_HAL_Driver/Src/stm32g0xx_hal_rcc.c.obj
                0x0800a008                HAL_RCC_OscConfig
 .text.HAL_RCC_ClockConfig
                0x0800a4d8      0x1b0 CMakeFiles/SLK-01_V1_0.dir/Drivers/STM32G0xx_HAL_Driver/Src/stm32g0xx_hal_rcc.c.obj
                0x0800a4d8                HAL_RCC_ClockConfig
 .text.HAL_RCC_GetSysClockFreq
                0x0800a688       0x34 CMakeFiles/SLK-01_V1_0.dir/Drivers/STM32G0xx_HAL_Driver/Src/stm32g0xx_hal_rcc.c.obj
                0x0800a688                HAL_RCC_GetSysClockFreq
 .text.HAL_RCC_GetPCLK1Freq
                0x0800a6bc       0x28 CMakeFiles/SLK-01_V1_0.dir/Drivers/STM32G0xx_HAL_Driver/Src/stm32g0xx_hal_rcc.c.obj
                0x0800a6bc                HAL_RCC_GetPCLK1Freq
 .text.HAL_RCC_GetClockConfig
                0x0800a6e4       0x34 CMakeFiles/SLK-01_V1_0.dir/Drivers/STM32G0xx_HAL_Driver/Src/stm32g0xx_hal_rcc.c.obj
                0x0800a6e4                HAL_RCC_GetClockConfig
 .text.HAL_RCCEx_PeriphCLKConfig
                0x0800a718      0x190 CMakeFiles/SLK-01_V1_0.dir/Drivers/STM32G0xx_HAL_Driver/Src/stm32g0xx_hal_rcc_ex.c.obj
                0x0800a718                HAL_RCCEx_PeriphCLKConfig
 .text.HAL_GPIO_Init
                0x0800a8a8      0x21c CMakeFiles/SLK-01_V1_0.dir/Drivers/STM32G0xx_HAL_Driver/Src/stm32g0xx_hal_gpio.c.obj
                0x0800a8a8                HAL_GPIO_Init
 .text.HAL_GPIO_DeInit
                0x0800aac4      0x118 CMakeFiles/SLK-01_V1_0.dir/Drivers/STM32G0xx_HAL_Driver/Src/stm32g0xx_hal_gpio.c.obj
                0x0800aac4                HAL_GPIO_DeInit
 .text.HAL_GPIO_ReadPin
                0x0800abdc        0xc CMakeFiles/SLK-01_V1_0.dir/Drivers/STM32G0xx_HAL_Driver/Src/stm32g0xx_hal_gpio.c.obj
                0x0800abdc                HAL_GPIO_ReadPin
 .text.HAL_GPIO_WritePin
                0x0800abe8        0xc CMakeFiles/SLK-01_V1_0.dir/Drivers/STM32G0xx_HAL_Driver/Src/stm32g0xx_hal_gpio.c.obj
                0x0800abe8                HAL_GPIO_WritePin
 .text.HAL_GPIO_TogglePin
                0x0800abf4       0x10 CMakeFiles/SLK-01_V1_0.dir/Drivers/STM32G0xx_HAL_Driver/Src/stm32g0xx_hal_gpio.c.obj
                0x0800abf4                HAL_GPIO_TogglePin
 .text.HAL_GPIO_EXTI_IRQHandler
                0x0800ac04       0x34 CMakeFiles/SLK-01_V1_0.dir/Drivers/STM32G0xx_HAL_Driver/Src/stm32g0xx_hal_gpio.c.obj
                0x0800ac04                HAL_GPIO_EXTI_IRQHandler
 .text.DMA_SetConfig
                0x0800ac38       0x40 CMakeFiles/SLK-01_V1_0.dir/Drivers/STM32G0xx_HAL_Driver/Src/stm32g0xx_hal_dma.c.obj
 .text.HAL_DMA_Init
                0x0800ac78       0xf0 CMakeFiles/SLK-01_V1_0.dir/Drivers/STM32G0xx_HAL_Driver/Src/stm32g0xx_hal_dma.c.obj
                0x0800ac78                HAL_DMA_Init
 .text.HAL_DMA_DeInit
                0x0800ad68       0xd0 CMakeFiles/SLK-01_V1_0.dir/Drivers/STM32G0xx_HAL_Driver/Src/stm32g0xx_hal_dma.c.obj
                0x0800ad68                HAL_DMA_DeInit
 .text.HAL_DMA_Start_IT
                0x0800ae38       0x94 CMakeFiles/SLK-01_V1_0.dir/Drivers/STM32G0xx_HAL_Driver/Src/stm32g0xx_hal_dma.c.obj
                0x0800ae38                HAL_DMA_Start_IT
 .text.HAL_DMA_Abort
                0x0800aecc       0x7c CMakeFiles/SLK-01_V1_0.dir/Drivers/STM32G0xx_HAL_Driver/Src/stm32g0xx_hal_dma.c.obj
                0x0800aecc                HAL_DMA_Abort
 .text.HAL_DMA_Abort_IT
                0x0800af48       0x7c CMakeFiles/SLK-01_V1_0.dir/Drivers/STM32G0xx_HAL_Driver/Src/stm32g0xx_hal_dma.c.obj
                0x0800af48                HAL_DMA_Abort_IT
 .text.HAL_DMA_IRQHandler
                0x0800afc4       0xb8 CMakeFiles/SLK-01_V1_0.dir/Drivers/STM32G0xx_HAL_Driver/Src/stm32g0xx_hal_dma.c.obj
                0x0800afc4                HAL_DMA_IRQHandler
 .text.HAL_DMA_GetState
                0x0800b07c        0x8 CMakeFiles/SLK-01_V1_0.dir/Drivers/STM32G0xx_HAL_Driver/Src/stm32g0xx_hal_dma.c.obj
                0x0800b07c                HAL_DMA_GetState
 .text.HAL_PWREx_ControlVoltageScaling
                0x0800b084       0x60 CMakeFiles/SLK-01_V1_0.dir/Drivers/STM32G0xx_HAL_Driver/Src/stm32g0xx_hal_pwr_ex.c.obj
                0x0800b084                HAL_PWREx_ControlVoltageScaling
 .text.HAL_NVIC_SetPriority
                0x0800b0e4       0x64 CMakeFiles/SLK-01_V1_0.dir/Drivers/STM32G0xx_HAL_Driver/Src/stm32g0xx_hal_cortex.c.obj
                0x0800b0e4                HAL_NVIC_SetPriority
 .text.HAL_NVIC_EnableIRQ
                0x0800b148       0x18 CMakeFiles/SLK-01_V1_0.dir/Drivers/STM32G0xx_HAL_Driver/Src/stm32g0xx_hal_cortex.c.obj
                0x0800b148                HAL_NVIC_EnableIRQ
 .text.HAL_NVIC_DisableIRQ
                0x0800b160       0x20 CMakeFiles/SLK-01_V1_0.dir/Drivers/STM32G0xx_HAL_Driver/Src/stm32g0xx_hal_cortex.c.obj
                0x0800b160                HAL_NVIC_DisableIRQ
 .text.HAL_Init
                0x0800b180       0x28 CMakeFiles/SLK-01_V1_0.dir/Drivers/STM32G0xx_HAL_Driver/Src/stm32g0xx_hal.c.obj
                0x0800b180                HAL_Init
 .text.HAL_IncTick
                0x0800b1a8       0x18 CMakeFiles/SLK-01_V1_0.dir/Drivers/STM32G0xx_HAL_Driver/Src/stm32g0xx_hal.c.obj
                0x0800b1a8                HAL_IncTick
 .text.HAL_GetTick
                0x0800b1c0        0xc CMakeFiles/SLK-01_V1_0.dir/Drivers/STM32G0xx_HAL_Driver/Src/stm32g0xx_hal.c.obj
                0x0800b1c0                HAL_GetTick
 .text.HAL_Delay
                0x0800b1cc       0x24 CMakeFiles/SLK-01_V1_0.dir/Drivers/STM32G0xx_HAL_Driver/Src/stm32g0xx_hal.c.obj
                0x0800b1cc                HAL_Delay
 .text.HAL_SYSCFG_StrobeDBattpinsConfig
                0x0800b1f0       0x18 CMakeFiles/SLK-01_V1_0.dir/Drivers/STM32G0xx_HAL_Driver/Src/stm32g0xx_hal.c.obj
                0x0800b1f0                HAL_SYSCFG_StrobeDBattpinsConfig
 .text.I2C_IsErrorOccurred
                0x0800b208      0x110 CMakeFiles/SLK-01_V1_0.dir/Drivers/STM32G0xx_HAL_Driver/Src/stm32g0xx_hal_i2c.c.obj
 .text.I2C_WaitOnFlagUntilTimeout
                0x0800b318       0x84 CMakeFiles/SLK-01_V1_0.dir/Drivers/STM32G0xx_HAL_Driver/Src/stm32g0xx_hal_i2c.c.obj
 .text.HAL_I2C_Init
                0x0800b39c       0xc4 CMakeFiles/SLK-01_V1_0.dir/Drivers/STM32G0xx_HAL_Driver/Src/stm32g0xx_hal_i2c.c.obj
                0x0800b39c                HAL_I2C_Init
 .text.HAL_I2C_DeInit
                0x0800b460       0x34 CMakeFiles/SLK-01_V1_0.dir/Drivers/STM32G0xx_HAL_Driver/Src/stm32g0xx_hal_i2c.c.obj
                0x0800b460                HAL_I2C_DeInit
 .text.HAL_I2C_Mem_Write_IT
                0x0800b494       0xe4 CMakeFiles/SLK-01_V1_0.dir/Drivers/STM32G0xx_HAL_Driver/Src/stm32g0xx_hal_i2c.c.obj
                0x0800b494                HAL_I2C_Mem_Write_IT
 .text.HAL_I2C_Mem_Read_IT
                0x0800b578       0xe0 CMakeFiles/SLK-01_V1_0.dir/Drivers/STM32G0xx_HAL_Driver/Src/stm32g0xx_hal_i2c.c.obj
                0x0800b578                HAL_I2C_Mem_Read_IT
 .text.HAL_I2C_Mem_Read_DMA
                0x0800b658      0x160 CMakeFiles/SLK-01_V1_0.dir/Drivers/STM32G0xx_HAL_Driver/Src/stm32g0xx_hal_i2c.c.obj
                0x0800b658                HAL_I2C_Mem_Read_DMA
 .text.HAL_I2C_IsDeviceReady
                0x0800b7b8      0x138 CMakeFiles/SLK-01_V1_0.dir/Drivers/STM32G0xx_HAL_Driver/Src/stm32g0xx_hal_i2c.c.obj
                0x0800b7b8                HAL_I2C_IsDeviceReady
 .text.HAL_I2C_EV_IRQHandler
                0x0800b8f0       0x14 CMakeFiles/SLK-01_V1_0.dir/Drivers/STM32G0xx_HAL_Driver/Src/stm32g0xx_hal_i2c.c.obj
                0x0800b8f0                HAL_I2C_EV_IRQHandler
 .text.HAL_I2C_MasterTxCpltCallback
                0x0800b904        0x4 CMakeFiles/SLK-01_V1_0.dir/Drivers/STM32G0xx_HAL_Driver/Src/stm32g0xx_hal_i2c.c.obj
                0x0800b904                HAL_I2C_MasterTxCpltCallback
 .text.HAL_I2C_MasterRxCpltCallback
                0x0800b908        0x4 CMakeFiles/SLK-01_V1_0.dir/Drivers/STM32G0xx_HAL_Driver/Src/stm32g0xx_hal_i2c.c.obj
                0x0800b908                HAL_I2C_MasterRxCpltCallback
 .text.I2C_ITMasterSeqCplt
                0x0800b90c       0x70 CMakeFiles/SLK-01_V1_0.dir/Drivers/STM32G0xx_HAL_Driver/Src/stm32g0xx_hal_i2c.c.obj
 .text.HAL_I2C_SlaveTxCpltCallback
                0x0800b97c        0x4 CMakeFiles/SLK-01_V1_0.dir/Drivers/STM32G0xx_HAL_Driver/Src/stm32g0xx_hal_i2c.c.obj
                0x0800b97c                HAL_I2C_SlaveTxCpltCallback
 .text.HAL_I2C_SlaveRxCpltCallback
                0x0800b980        0x4 CMakeFiles/SLK-01_V1_0.dir/Drivers/STM32G0xx_HAL_Driver/Src/stm32g0xx_hal_i2c.c.obj
                0x0800b980                HAL_I2C_SlaveRxCpltCallback
 .text.I2C_ITSlaveSeqCplt
                0x0800b984       0xa0 CMakeFiles/SLK-01_V1_0.dir/Drivers/STM32G0xx_HAL_Driver/Src/stm32g0xx_hal_i2c.c.obj
 .text.HAL_I2C_AddrCallback
                0x0800ba24        0x4 CMakeFiles/SLK-01_V1_0.dir/Drivers/STM32G0xx_HAL_Driver/Src/stm32g0xx_hal_i2c.c.obj
                0x0800ba24                HAL_I2C_AddrCallback
 .text.I2C_ITAddrCplt.part.0
                0x0800ba28       0x8c CMakeFiles/SLK-01_V1_0.dir/Drivers/STM32G0xx_HAL_Driver/Src/stm32g0xx_hal_i2c.c.obj
 .text.HAL_I2C_ListenCpltCallback
                0x0800bab4        0x4 CMakeFiles/SLK-01_V1_0.dir/Drivers/STM32G0xx_HAL_Driver/Src/stm32g0xx_hal_i2c.c.obj
                0x0800bab4                HAL_I2C_ListenCpltCallback
 .text.I2C_ITListenCplt
                0x0800bab8       0x68 CMakeFiles/SLK-01_V1_0.dir/Drivers/STM32G0xx_HAL_Driver/Src/stm32g0xx_hal_i2c.c.obj
 .text.HAL_I2C_AbortCpltCallback
                0x0800bb20        0x4 CMakeFiles/SLK-01_V1_0.dir/Drivers/STM32G0xx_HAL_Driver/Src/stm32g0xx_hal_i2c.c.obj
                0x0800bb20                HAL_I2C_AbortCpltCallback
 .text.I2C_DMAAbort
                0x0800bb24       0x40 CMakeFiles/SLK-01_V1_0.dir/Drivers/STM32G0xx_HAL_Driver/Src/stm32g0xx_hal_i2c.c.obj
 .text.I2C_ITError
                0x0800bb64      0x16c CMakeFiles/SLK-01_V1_0.dir/Drivers/STM32G0xx_HAL_Driver/Src/stm32g0xx_hal_i2c.c.obj
 .text.I2C_ITSlaveCplt
                0x0800bcd0      0x1fc CMakeFiles/SLK-01_V1_0.dir/Drivers/STM32G0xx_HAL_Driver/Src/stm32g0xx_hal_i2c.c.obj
 .text.I2C_Slave_ISR_IT
                0x0800becc      0x164 CMakeFiles/SLK-01_V1_0.dir/Drivers/STM32G0xx_HAL_Driver/Src/stm32g0xx_hal_i2c.c.obj
 .text.I2C_ITMasterCplt
                0x0800c030      0x11c CMakeFiles/SLK-01_V1_0.dir/Drivers/STM32G0xx_HAL_Driver/Src/stm32g0xx_hal_i2c.c.obj
 .text.I2C_Mem_ISR_DMA
                0x0800c14c      0x208 CMakeFiles/SLK-01_V1_0.dir/Drivers/STM32G0xx_HAL_Driver/Src/stm32g0xx_hal_i2c.c.obj
 .text.I2C_Slave_ISR_DMA
                0x0800c354      0x138 CMakeFiles/SLK-01_V1_0.dir/Drivers/STM32G0xx_HAL_Driver/Src/stm32g0xx_hal_i2c.c.obj
 .text.I2C_Master_ISR_DMA
                0x0800c48c      0x17c CMakeFiles/SLK-01_V1_0.dir/Drivers/STM32G0xx_HAL_Driver/Src/stm32g0xx_hal_i2c.c.obj
 .text.I2C_DMAError
                0x0800c608       0x18 CMakeFiles/SLK-01_V1_0.dir/Drivers/STM32G0xx_HAL_Driver/Src/stm32g0xx_hal_i2c.c.obj
 .text.I2C_DMAMasterReceiveCplt
                0x0800c620       0xac CMakeFiles/SLK-01_V1_0.dir/Drivers/STM32G0xx_HAL_Driver/Src/stm32g0xx_hal_i2c.c.obj
 .text.I2C_Mem_ISR_IT
                0x0800c6cc      0x1dc CMakeFiles/SLK-01_V1_0.dir/Drivers/STM32G0xx_HAL_Driver/Src/stm32g0xx_hal_i2c.c.obj
 .text.HAL_I2C_ER_IRQHandler
                0x0800c8a8       0x88 CMakeFiles/SLK-01_V1_0.dir/Drivers/STM32G0xx_HAL_Driver/Src/stm32g0xx_hal_i2c.c.obj
                0x0800c8a8                HAL_I2C_ER_IRQHandler
 .text.HAL_I2CEx_ConfigAnalogFilter
                0x0800c930       0x50 CMakeFiles/SLK-01_V1_0.dir/Drivers/STM32G0xx_HAL_Driver/Src/stm32g0xx_hal_i2c_ex.c.obj
                0x0800c930                HAL_I2CEx_ConfigAnalogFilter
 .text.HAL_I2CEx_ConfigDigitalFilter
                0x0800c980       0x4c CMakeFiles/SLK-01_V1_0.dir/Drivers/STM32G0xx_HAL_Driver/Src/stm32g0xx_hal_i2c_ex.c.obj
                0x0800c980                HAL_I2CEx_ConfigDigitalFilter
 .text.SPI_WaitFifoStateUntilTimeout.constprop.0
                0x0800c9cc      0x114 CMakeFiles/SLK-01_V1_0.dir/Drivers/STM32G0xx_HAL_Driver/Src/stm32g0xx_hal_spi.c.obj
 .text.SPI_WaitFlagStateUntilTimeout.constprop.0
                0x0800cae0       0xc4 CMakeFiles/SLK-01_V1_0.dir/Drivers/STM32G0xx_HAL_Driver/Src/stm32g0xx_hal_spi.c.obj
 .text.SPI_EndRxTransaction
                0x0800cba4       0x8c CMakeFiles/SLK-01_V1_0.dir/Drivers/STM32G0xx_HAL_Driver/Src/stm32g0xx_hal_spi.c.obj
 .text.SPI_EndRxTxTransaction
                0x0800cc30       0x44 CMakeFiles/SLK-01_V1_0.dir/Drivers/STM32G0xx_HAL_Driver/Src/stm32g0xx_hal_spi.c.obj
 .text.HAL_SPI_Init
                0x0800cc74      0x140 CMakeFiles/SLK-01_V1_0.dir/Drivers/STM32G0xx_HAL_Driver/Src/stm32g0xx_hal_spi.c.obj
                0x0800cc74                HAL_SPI_Init
 .text.HAL_SPI_Transmit_IT
                0x0800cdb4       0xa8 CMakeFiles/SLK-01_V1_0.dir/Drivers/STM32G0xx_HAL_Driver/Src/stm32g0xx_hal_spi.c.obj
                0x0800cdb4                HAL_SPI_Transmit_IT
 .text.HAL_SPI_TransmitReceive_IT
                0x0800ce5c       0xcc CMakeFiles/SLK-01_V1_0.dir/Drivers/STM32G0xx_HAL_Driver/Src/stm32g0xx_hal_spi.c.obj
                0x0800ce5c                HAL_SPI_TransmitReceive_IT
 .text.HAL_SPI_Receive_IT
                0x0800cf28       0xd8 CMakeFiles/SLK-01_V1_0.dir/Drivers/STM32G0xx_HAL_Driver/Src/stm32g0xx_hal_spi.c.obj
                0x0800cf28                HAL_SPI_Receive_IT
 .text.HAL_SPI_Transmit_DMA
                0x0800d000      0x114 CMakeFiles/SLK-01_V1_0.dir/Drivers/STM32G0xx_HAL_Driver/Src/stm32g0xx_hal_spi.c.obj
                0x0800d000                HAL_SPI_Transmit_DMA
 .text.HAL_SPI_TransmitReceive_DMA
                0x0800d114      0x1b8 CMakeFiles/SLK-01_V1_0.dir/Drivers/STM32G0xx_HAL_Driver/Src/stm32g0xx_hal_spi.c.obj
                0x0800d114                HAL_SPI_TransmitReceive_DMA
 .text.HAL_SPI_Receive_DMA
                0x0800d2cc      0x174 CMakeFiles/SLK-01_V1_0.dir/Drivers/STM32G0xx_HAL_Driver/Src/stm32g0xx_hal_spi.c.obj
                0x0800d2cc                HAL_SPI_Receive_DMA
 .text.HAL_SPI_TxRxCpltCallback
                0x0800d440        0x4 CMakeFiles/SLK-01_V1_0.dir/Drivers/STM32G0xx_HAL_Driver/Src/stm32g0xx_hal_spi.c.obj
                0x0800d440                HAL_SPI_TxRxCpltCallback
 .text.HAL_SPI_TxHalfCpltCallback
                0x0800d444        0x4 CMakeFiles/SLK-01_V1_0.dir/Drivers/STM32G0xx_HAL_Driver/Src/stm32g0xx_hal_spi.c.obj
                0x0800d444                HAL_SPI_TxHalfCpltCallback
 .text.SPI_DMAHalfTransmitCplt
                0x0800d448        0xc CMakeFiles/SLK-01_V1_0.dir/Drivers/STM32G0xx_HAL_Driver/Src/stm32g0xx_hal_spi.c.obj
 .text.HAL_SPI_RxHalfCpltCallback
                0x0800d454        0x4 CMakeFiles/SLK-01_V1_0.dir/Drivers/STM32G0xx_HAL_Driver/Src/stm32g0xx_hal_spi.c.obj
                0x0800d454                HAL_SPI_RxHalfCpltCallback
 .text.SPI_DMAHalfReceiveCplt
                0x0800d458        0xc CMakeFiles/SLK-01_V1_0.dir/Drivers/STM32G0xx_HAL_Driver/Src/stm32g0xx_hal_spi.c.obj
 .text.HAL_SPI_TxRxHalfCpltCallback
                0x0800d464        0x4 CMakeFiles/SLK-01_V1_0.dir/Drivers/STM32G0xx_HAL_Driver/Src/stm32g0xx_hal_spi.c.obj
                0x0800d464                HAL_SPI_TxRxHalfCpltCallback
 .text.SPI_DMAHalfTransmitReceiveCplt
                0x0800d468        0xc CMakeFiles/SLK-01_V1_0.dir/Drivers/STM32G0xx_HAL_Driver/Src/stm32g0xx_hal_spi.c.obj
 .text.HAL_SPI_ErrorCallback
                0x0800d474        0x4 CMakeFiles/SLK-01_V1_0.dir/Drivers/STM32G0xx_HAL_Driver/Src/stm32g0xx_hal_spi.c.obj
                0x0800d474                HAL_SPI_ErrorCallback
 .text.SPI_CloseTx_ISR
                0x0800d478       0x5c CMakeFiles/SLK-01_V1_0.dir/Drivers/STM32G0xx_HAL_Driver/Src/stm32g0xx_hal_spi.c.obj
 .text.SPI_TxISR_8BIT
                0x0800d4d4       0x28 CMakeFiles/SLK-01_V1_0.dir/Drivers/STM32G0xx_HAL_Driver/Src/stm32g0xx_hal_spi.c.obj
 .text.SPI_TxISR_16BIT
                0x0800d4fc       0x24 CMakeFiles/SLK-01_V1_0.dir/Drivers/STM32G0xx_HAL_Driver/Src/stm32g0xx_hal_spi.c.obj
 .text.SPI_CloseRx_ISR
                0x0800d520       0x44 CMakeFiles/SLK-01_V1_0.dir/Drivers/STM32G0xx_HAL_Driver/Src/stm32g0xx_hal_spi.c.obj
 .text.SPI_RxISR_8BIT
                0x0800d564       0x28 CMakeFiles/SLK-01_V1_0.dir/Drivers/STM32G0xx_HAL_Driver/Src/stm32g0xx_hal_spi.c.obj
 .text.SPI_RxISR_16BIT
                0x0800d58c       0x28 CMakeFiles/SLK-01_V1_0.dir/Drivers/STM32G0xx_HAL_Driver/Src/stm32g0xx_hal_spi.c.obj
 .text.SPI_CloseRxTx_ISR
                0x0800d5b4       0x5c CMakeFiles/SLK-01_V1_0.dir/Drivers/STM32G0xx_HAL_Driver/Src/stm32g0xx_hal_spi.c.obj
 .text.SPI_2linesTxISR_8BIT
                0x0800d610       0x54 CMakeFiles/SLK-01_V1_0.dir/Drivers/STM32G0xx_HAL_Driver/Src/stm32g0xx_hal_spi.c.obj
 .text.SPI_2linesRxISR_8BIT
                0x0800d664       0x68 CMakeFiles/SLK-01_V1_0.dir/Drivers/STM32G0xx_HAL_Driver/Src/stm32g0xx_hal_spi.c.obj
 .text.SPI_2linesTxISR_16BIT
                0x0800d6cc       0x34 CMakeFiles/SLK-01_V1_0.dir/Drivers/STM32G0xx_HAL_Driver/Src/stm32g0xx_hal_spi.c.obj
 .text.SPI_2linesRxISR_16BIT
                0x0800d700       0x34 CMakeFiles/SLK-01_V1_0.dir/Drivers/STM32G0xx_HAL_Driver/Src/stm32g0xx_hal_spi.c.obj
 .text.SPI_DMAError
                0x0800d734       0x24 CMakeFiles/SLK-01_V1_0.dir/Drivers/STM32G0xx_HAL_Driver/Src/stm32g0xx_hal_spi.c.obj
 .text.SPI_DMATransmitCplt
                0x0800d758       0x70 CMakeFiles/SLK-01_V1_0.dir/Drivers/STM32G0xx_HAL_Driver/Src/stm32g0xx_hal_spi.c.obj
 .text.SPI_DMAReceiveCplt
                0x0800d7c8       0x74 CMakeFiles/SLK-01_V1_0.dir/Drivers/STM32G0xx_HAL_Driver/Src/stm32g0xx_hal_spi.c.obj
 .text.SPI_DMATransmitReceiveCplt
                0x0800d83c       0x60 CMakeFiles/SLK-01_V1_0.dir/Drivers/STM32G0xx_HAL_Driver/Src/stm32g0xx_hal_spi.c.obj
 .text.HAL_SPI_IRQHandler
                0x0800d89c      0x15c CMakeFiles/SLK-01_V1_0.dir/Drivers/STM32G0xx_HAL_Driver/Src/stm32g0xx_hal_spi.c.obj
                0x0800d89c                HAL_SPI_IRQHandler
 .text.SPI_DMAAbortOnError
                0x0800d9f8       0x14 CMakeFiles/SLK-01_V1_0.dir/Drivers/STM32G0xx_HAL_Driver/Src/stm32g0xx_hal_spi.c.obj
 .text.TIM_OC1_SetConfig
                0x0800da0c       0x74 CMakeFiles/SLK-01_V1_0.dir/Drivers/STM32G0xx_HAL_Driver/Src/stm32g0xx_hal_tim.c.obj
 .text.TIM_OC3_SetConfig
                0x0800da80       0x8c CMakeFiles/SLK-01_V1_0.dir/Drivers/STM32G0xx_HAL_Driver/Src/stm32g0xx_hal_tim.c.obj
 .text.TIM_OC4_SetConfig
                0x0800db0c       0x74 CMakeFiles/SLK-01_V1_0.dir/Drivers/STM32G0xx_HAL_Driver/Src/stm32g0xx_hal_tim.c.obj
 .text.TIM_OC5_SetConfig
                0x0800db80       0x6c CMakeFiles/SLK-01_V1_0.dir/Drivers/STM32G0xx_HAL_Driver/Src/stm32g0xx_hal_tim.c.obj
 .text.TIM_OC6_SetConfig
                0x0800dbec       0x74 CMakeFiles/SLK-01_V1_0.dir/Drivers/STM32G0xx_HAL_Driver/Src/stm32g0xx_hal_tim.c.obj
 .text.HAL_TIM_Base_Start
                0x0800dc60       0x60 CMakeFiles/SLK-01_V1_0.dir/Drivers/STM32G0xx_HAL_Driver/Src/stm32g0xx_hal_tim.c.obj
                0x0800dc60                HAL_TIM_Base_Start
 .text.HAL_TIM_Base_Stop
                0x0800dcc0       0x2c CMakeFiles/SLK-01_V1_0.dir/Drivers/STM32G0xx_HAL_Driver/Src/stm32g0xx_hal_tim.c.obj
                0x0800dcc0                HAL_TIM_Base_Stop
 .text.HAL_TIM_Base_Start_IT
                0x0800dcec       0x64 CMakeFiles/SLK-01_V1_0.dir/Drivers/STM32G0xx_HAL_Driver/Src/stm32g0xx_hal_tim.c.obj
                0x0800dcec                HAL_TIM_Base_Start_IT
 .text.HAL_TIM_OC_Start
                0x0800dd50      0x118 CMakeFiles/SLK-01_V1_0.dir/Drivers/STM32G0xx_HAL_Driver/Src/stm32g0xx_hal_tim.c.obj
                0x0800dd50                HAL_TIM_OC_Start
 .text.HAL_TIM_OC_Stop
                0x0800de68       0xc4 CMakeFiles/SLK-01_V1_0.dir/Drivers/STM32G0xx_HAL_Driver/Src/stm32g0xx_hal_tim.c.obj
                0x0800de68                HAL_TIM_OC_Stop
 .text.HAL_TIM_OC_Start_DMA
                0x0800df2c      0x264 CMakeFiles/SLK-01_V1_0.dir/Drivers/STM32G0xx_HAL_Driver/Src/stm32g0xx_hal_tim.c.obj
                0x0800df2c                HAL_TIM_OC_Start_DMA
 .text.HAL_TIM_PWM_MspInit
                0x0800e190        0x4 CMakeFiles/SLK-01_V1_0.dir/Drivers/STM32G0xx_HAL_Driver/Src/stm32g0xx_hal_tim.c.obj
                0x0800e190                HAL_TIM_PWM_MspInit
 .text.HAL_TIM_PWM_Start
                0x0800e194        0x8 CMakeFiles/SLK-01_V1_0.dir/Drivers/STM32G0xx_HAL_Driver/Src/stm32g0xx_hal_tim.c.obj
                0x0800e194                HAL_TIM_PWM_Start
 .text.HAL_TIM_PWM_Stop
                0x0800e19c        0x8 CMakeFiles/SLK-01_V1_0.dir/Drivers/STM32G0xx_HAL_Driver/Src/stm32g0xx_hal_tim.c.obj
                0x0800e19c                HAL_TIM_PWM_Stop
 .text.HAL_TIM_PWM_Start_DMA
                0x0800e1a4        0x8 CMakeFiles/SLK-01_V1_0.dir/Drivers/STM32G0xx_HAL_Driver/Src/stm32g0xx_hal_tim.c.obj
                0x0800e1a4                HAL_TIM_PWM_Start_DMA
 .text.HAL_TIM_OC_DelayElapsedCallback
                0x0800e1ac        0x4 CMakeFiles/SLK-01_V1_0.dir/Drivers/STM32G0xx_HAL_Driver/Src/stm32g0xx_hal_tim.c.obj
                0x0800e1ac                HAL_TIM_OC_DelayElapsedCallback
 .text.HAL_TIM_IC_CaptureCallback
                0x0800e1b0        0x4 CMakeFiles/SLK-01_V1_0.dir/Drivers/STM32G0xx_HAL_Driver/Src/stm32g0xx_hal_tim.c.obj
                0x0800e1b0                HAL_TIM_IC_CaptureCallback
 .text.TIM_DMADelayPulseCplt
                0x0800e1b4       0x70 CMakeFiles/SLK-01_V1_0.dir/Drivers/STM32G0xx_HAL_Driver/Src/stm32g0xx_hal_tim.c.obj
 .text.HAL_TIM_PWM_PulseFinishedHalfCpltCallback
                0x0800e224        0x4 CMakeFiles/SLK-01_V1_0.dir/Drivers/STM32G0xx_HAL_Driver/Src/stm32g0xx_hal_tim.c.obj
                0x0800e224                HAL_TIM_PWM_PulseFinishedHalfCpltCallback
 .text.TIM_DMADelayPulseHalfCplt
                0x0800e228       0x40 CMakeFiles/SLK-01_V1_0.dir/Drivers/STM32G0xx_HAL_Driver/Src/stm32g0xx_hal_tim.c.obj
                0x0800e228                TIM_DMADelayPulseHalfCplt
 .text.HAL_TIM_TriggerCallback
                0x0800e268        0x4 CMakeFiles/SLK-01_V1_0.dir/Drivers/STM32G0xx_HAL_Driver/Src/stm32g0xx_hal_tim.c.obj
                0x0800e268                HAL_TIM_TriggerCallback
 .text.HAL_TIM_IRQHandler
                0x0800e26c      0x16c CMakeFiles/SLK-01_V1_0.dir/Drivers/STM32G0xx_HAL_Driver/Src/stm32g0xx_hal_tim.c.obj
                0x0800e26c                HAL_TIM_IRQHandler
 .text.HAL_TIM_ErrorCallback
                0x0800e3d8        0x4 CMakeFiles/SLK-01_V1_0.dir/Drivers/STM32G0xx_HAL_Driver/Src/stm32g0xx_hal_tim.c.obj
                0x0800e3d8                HAL_TIM_ErrorCallback
 .text.TIM_DMAError
                0x0800e3dc       0x5c CMakeFiles/SLK-01_V1_0.dir/Drivers/STM32G0xx_HAL_Driver/Src/stm32g0xx_hal_tim.c.obj
                0x0800e3dc                TIM_DMAError
 .text.TIM_Base_SetConfig
                0x0800e438       0xa0 CMakeFiles/SLK-01_V1_0.dir/Drivers/STM32G0xx_HAL_Driver/Src/stm32g0xx_hal_tim.c.obj
                0x0800e438                TIM_Base_SetConfig
 .text.HAL_TIM_Base_Init
                0x0800e4d8       0x60 CMakeFiles/SLK-01_V1_0.dir/Drivers/STM32G0xx_HAL_Driver/Src/stm32g0xx_hal_tim.c.obj
                0x0800e4d8                HAL_TIM_Base_Init
 .text.HAL_TIM_PWM_Init
                0x0800e538       0x60 CMakeFiles/SLK-01_V1_0.dir/Drivers/STM32G0xx_HAL_Driver/Src/stm32g0xx_hal_tim.c.obj
                0x0800e538                HAL_TIM_PWM_Init
 .text.TIM_OC2_SetConfig
                0x0800e598       0x80 CMakeFiles/SLK-01_V1_0.dir/Drivers/STM32G0xx_HAL_Driver/Src/stm32g0xx_hal_tim.c.obj
                0x0800e598                TIM_OC2_SetConfig
 .text.HAL_TIM_PWM_ConfigChannel
                0x0800e618      0x128 CMakeFiles/SLK-01_V1_0.dir/Drivers/STM32G0xx_HAL_Driver/Src/stm32g0xx_hal_tim.c.obj
                0x0800e618                HAL_TIM_PWM_ConfigChannel
 .text.HAL_TIMEx_MasterConfigSynchronization
                0x0800e740       0x74 CMakeFiles/SLK-01_V1_0.dir/Drivers/STM32G0xx_HAL_Driver/Src/stm32g0xx_hal_tim_ex.c.obj
                0x0800e740                HAL_TIMEx_MasterConfigSynchronization
 .text.HAL_TIMEx_ConfigBreakDeadTime
                0x0800e7b4       0xc0 CMakeFiles/SLK-01_V1_0.dir/Drivers/STM32G0xx_HAL_Driver/Src/stm32g0xx_hal_tim_ex.c.obj
                0x0800e7b4                HAL_TIMEx_ConfigBreakDeadTime
 .text.HAL_TIMEx_CommutCallback
                0x0800e874        0x4 CMakeFiles/SLK-01_V1_0.dir/Drivers/STM32G0xx_HAL_Driver/Src/stm32g0xx_hal_tim_ex.c.obj
                0x0800e874                HAL_TIMEx_CommutCallback
 .text.HAL_TIMEx_BreakCallback
                0x0800e878        0x4 CMakeFiles/SLK-01_V1_0.dir/Drivers/STM32G0xx_HAL_Driver/Src/stm32g0xx_hal_tim_ex.c.obj
                0x0800e878                HAL_TIMEx_BreakCallback
 .text.HAL_TIMEx_Break2Callback
                0x0800e87c        0x4 CMakeFiles/SLK-01_V1_0.dir/Drivers/STM32G0xx_HAL_Driver/Src/stm32g0xx_hal_tim_ex.c.obj
                0x0800e87c                HAL_TIMEx_Break2Callback
 .text.UART_EndRxTransfer
                0x0800e880       0x64 CMakeFiles/SLK-01_V1_0.dir/Drivers/STM32G0xx_HAL_Driver/Src/stm32g0xx_hal_uart.c.obj
 .text.HAL_UART_Transmit
                0x0800e8e4      0x118 CMakeFiles/SLK-01_V1_0.dir/Drivers/STM32G0xx_HAL_Driver/Src/stm32g0xx_hal_uart.c.obj
                0x0800e8e4                HAL_UART_Transmit
 .text.HAL_UART_Transmit_DMA
                0x0800e9fc       0xa4 CMakeFiles/SLK-01_V1_0.dir/Drivers/STM32G0xx_HAL_Driver/Src/stm32g0xx_hal_uart.c.obj
                0x0800e9fc                HAL_UART_Transmit_DMA
 .text.UART_DMATransmitCplt
                0x0800eaa0       0x50 CMakeFiles/SLK-01_V1_0.dir/Drivers/STM32G0xx_HAL_Driver/Src/stm32g0xx_hal_uart.c.obj
 .text.HAL_UART_TxHalfCpltCallback
                0x0800eaf0        0x4 CMakeFiles/SLK-01_V1_0.dir/Drivers/STM32G0xx_HAL_Driver/Src/stm32g0xx_hal_uart.c.obj
                0x0800eaf0                HAL_UART_TxHalfCpltCallback
 .text.UART_DMATxHalfCplt
                0x0800eaf4        0xc CMakeFiles/SLK-01_V1_0.dir/Drivers/STM32G0xx_HAL_Driver/Src/stm32g0xx_hal_uart.c.obj
 .text.HAL_UART_RxCpltCallback
                0x0800eb00        0x4 CMakeFiles/SLK-01_V1_0.dir/Drivers/STM32G0xx_HAL_Driver/Src/stm32g0xx_hal_uart.c.obj
                0x0800eb00                HAL_UART_RxCpltCallback
 .text.HAL_UART_RxHalfCpltCallback
                0x0800eb04        0x4 CMakeFiles/SLK-01_V1_0.dir/Drivers/STM32G0xx_HAL_Driver/Src/stm32g0xx_hal_uart.c.obj
                0x0800eb04                HAL_UART_RxHalfCpltCallback
 .text.UART_DMAError
                0x0800eb08       0x84 CMakeFiles/SLK-01_V1_0.dir/Drivers/STM32G0xx_HAL_Driver/Src/stm32g0xx_hal_uart.c.obj
 .text.UART_DMAAbortOnError
                0x0800eb8c       0x14 CMakeFiles/SLK-01_V1_0.dir/Drivers/STM32G0xx_HAL_Driver/Src/stm32g0xx_hal_uart.c.obj
 .text.HAL_UART_IRQHandler
                0x0800eba0      0x370 CMakeFiles/SLK-01_V1_0.dir/Drivers/STM32G0xx_HAL_Driver/Src/stm32g0xx_hal_uart.c.obj
                0x0800eba0                HAL_UART_IRQHandler
 .text.UART_DMARxHalfCplt
                0x0800ef10       0x20 CMakeFiles/SLK-01_V1_0.dir/Drivers/STM32G0xx_HAL_Driver/Src/stm32g0xx_hal_uart.c.obj
 .text.UART_DMAReceiveCplt
                0x0800ef30       0x9c CMakeFiles/SLK-01_V1_0.dir/Drivers/STM32G0xx_HAL_Driver/Src/stm32g0xx_hal_uart.c.obj
 .text.HAL_UART_GetError
                0x0800efcc        0x8 CMakeFiles/SLK-01_V1_0.dir/Drivers/STM32G0xx_HAL_Driver/Src/stm32g0xx_hal_uart.c.obj
                0x0800efcc                HAL_UART_GetError
 .text.UART_SetConfig
                0x0800efd4      0x188 CMakeFiles/SLK-01_V1_0.dir/Drivers/STM32G0xx_HAL_Driver/Src/stm32g0xx_hal_uart.c.obj
                0x0800efd4                UART_SetConfig
 .text.UART_AdvFeatureConfig
                0x0800f15c       0xd0 CMakeFiles/SLK-01_V1_0.dir/Drivers/STM32G0xx_HAL_Driver/Src/stm32g0xx_hal_uart.c.obj
                0x0800f15c                UART_AdvFeatureConfig
 .text.UART_WaitOnFlagUntilTimeout
                0x0800f22c       0xb8 CMakeFiles/SLK-01_V1_0.dir/Drivers/STM32G0xx_HAL_Driver/Src/stm32g0xx_hal_uart.c.obj
                0x0800f22c                UART_WaitOnFlagUntilTimeout
 .text.UART_CheckIdleState
                0x0800f2e4       0xd8 CMakeFiles/SLK-01_V1_0.dir/Drivers/STM32G0xx_HAL_Driver/Src/stm32g0xx_hal_uart.c.obj
                0x0800f2e4                UART_CheckIdleState
 .text.HAL_UART_Init
                0x0800f3bc       0x6c CMakeFiles/SLK-01_V1_0.dir/Drivers/STM32G0xx_HAL_Driver/Src/stm32g0xx_hal_uart.c.obj
                0x0800f3bc                HAL_UART_Init
 .text.UART_Start_Receive_DMA
                0x0800f428       0xa8 CMakeFiles/SLK-01_V1_0.dir/Drivers/STM32G0xx_HAL_Driver/Src/stm32g0xx_hal_uart.c.obj
                0x0800f428                UART_Start_Receive_DMA
 .text.UARTEx_SetNbDataToProcess.part.0
                0x0800f4d0       0x3c CMakeFiles/SLK-01_V1_0.dir/Drivers/STM32G0xx_HAL_Driver/Src/stm32g0xx_hal_uart_ex.c.obj
 .text.HAL_UARTEx_WakeupCallback
                0x0800f50c        0x4 CMakeFiles/SLK-01_V1_0.dir/Drivers/STM32G0xx_HAL_Driver/Src/stm32g0xx_hal_uart_ex.c.obj
                0x0800f50c                HAL_UARTEx_WakeupCallback
 .text.HAL_UARTEx_RxFifoFullCallback
                0x0800f510        0x4 CMakeFiles/SLK-01_V1_0.dir/Drivers/STM32G0xx_HAL_Driver/Src/stm32g0xx_hal_uart_ex.c.obj
                0x0800f510                HAL_UARTEx_RxFifoFullCallback
 .text.HAL_UARTEx_TxFifoEmptyCallback
                0x0800f514        0x4 CMakeFiles/SLK-01_V1_0.dir/Drivers/STM32G0xx_HAL_Driver/Src/stm32g0xx_hal_uart_ex.c.obj
                0x0800f514                HAL_UARTEx_TxFifoEmptyCallback
 .text.HAL_UARTEx_DisableFifoMode
                0x0800f518       0x38 CMakeFiles/SLK-01_V1_0.dir/Drivers/STM32G0xx_HAL_Driver/Src/stm32g0xx_hal_uart_ex.c.obj
                0x0800f518                HAL_UARTEx_DisableFifoMode
 .text.HAL_UARTEx_SetTxFifoThreshold
                0x0800f550       0x5c CMakeFiles/SLK-01_V1_0.dir/Drivers/STM32G0xx_HAL_Driver/Src/stm32g0xx_hal_uart_ex.c.obj
                0x0800f550                HAL_UARTEx_SetTxFifoThreshold
 .text.HAL_UARTEx_SetRxFifoThreshold
                0x0800f5ac       0x60 CMakeFiles/SLK-01_V1_0.dir/Drivers/STM32G0xx_HAL_Driver/Src/stm32g0xx_hal_uart_ex.c.obj
                0x0800f5ac                HAL_UARTEx_SetRxFifoThreshold
 .text.HAL_UARTEx_ReceiveToIdle_DMA
                0x0800f60c       0x64 CMakeFiles/SLK-01_V1_0.dir/Drivers/STM32G0xx_HAL_Driver/Src/stm32g0xx_hal_uart_ex.c.obj
                0x0800f60c                HAL_UARTEx_ReceiveToIdle_DMA
 .text.SystemInit
                0x0800f670        0x4 CMakeFiles/SLK-01_V1_0.dir/Core/Src/system_stm32g0xx.c.obj
                0x0800f670                SystemInit
 .text.vListInitialise
                0x0800f674       0x18 CMakeFiles/SLK-01_V1_0.dir/Middlewares/Third_Party/FreeRTOS/Source/list.c.obj
                0x0800f674                vListInitialise
 .text.vListInitialiseItem
                0x0800f68c        0x8 CMakeFiles/SLK-01_V1_0.dir/Middlewares/Third_Party/FreeRTOS/Source/list.c.obj
                0x0800f68c                vListInitialiseItem
 .text.vListInsertEnd
                0x0800f694       0x18 CMakeFiles/SLK-01_V1_0.dir/Middlewares/Third_Party/FreeRTOS/Source/list.c.obj
                0x0800f694                vListInsertEnd
 .text.vListInsert
                0x0800f6ac       0x30 CMakeFiles/SLK-01_V1_0.dir/Middlewares/Third_Party/FreeRTOS/Source/list.c.obj
                0x0800f6ac                vListInsert
 .text.uxListRemove
                0x0800f6dc       0x24 CMakeFiles/SLK-01_V1_0.dir/Middlewares/Third_Party/FreeRTOS/Source/list.c.obj
                0x0800f6dc                uxListRemove
 .text.prvCopyDataToQueue
                0x0800f700       0x78 CMakeFiles/SLK-01_V1_0.dir/Middlewares/Third_Party/FreeRTOS/Source/queue.c.obj
 .text.prvUnlockQueue
                0x0800f778       0x94 CMakeFiles/SLK-01_V1_0.dir/Middlewares/Third_Party/FreeRTOS/Source/queue.c.obj
 .text.xQueueGenericCreate.part.0
                0x0800f80c       0x70 CMakeFiles/SLK-01_V1_0.dir/Middlewares/Third_Party/FreeRTOS/Source/queue.c.obj
 .text.xQueueGenericReset
                0x0800f87c       0x6c CMakeFiles/SLK-01_V1_0.dir/Middlewares/Third_Party/FreeRTOS/Source/queue.c.obj
                0x0800f87c                xQueueGenericReset
 .text.xQueueGenericCreateStatic
                0x0800f8e8       0x74 CMakeFiles/SLK-01_V1_0.dir/Middlewares/Third_Party/FreeRTOS/Source/queue.c.obj
                0x0800f8e8                xQueueGenericCreateStatic
 .text.xQueueGenericCreate
                0x0800f95c       0x10 CMakeFiles/SLK-01_V1_0.dir/Middlewares/Third_Party/FreeRTOS/Source/queue.c.obj
                0x0800f95c                xQueueGenericCreate
 .text.xQueueGenericSend
                0x0800f96c      0x134 CMakeFiles/SLK-01_V1_0.dir/Middlewares/Third_Party/FreeRTOS/Source/queue.c.obj
                0x0800f96c                xQueueGenericSend
 .text.xQueueCreateMutex
                0x0800faa0       0x24 CMakeFiles/SLK-01_V1_0.dir/Middlewares/Third_Party/FreeRTOS/Source/queue.c.obj
                0x0800faa0                xQueueCreateMutex
 .text.xQueueGenericSendFromISR
                0x0800fac4       0xa8 CMakeFiles/SLK-01_V1_0.dir/Middlewares/Third_Party/FreeRTOS/Source/queue.c.obj
                0x0800fac4                xQueueGenericSendFromISR
 .text.xQueueGiveFromISR
                0x0800fb6c       0x78 CMakeFiles/SLK-01_V1_0.dir/Middlewares/Third_Party/FreeRTOS/Source/queue.c.obj
                0x0800fb6c                xQueueGiveFromISR
 .text.xQueueReceive
                0x0800fbe4      0x148 CMakeFiles/SLK-01_V1_0.dir/Middlewares/Third_Party/FreeRTOS/Source/queue.c.obj
                0x0800fbe4                xQueueReceive
 .text.xQueueSemaphoreTake
                0x0800fd2c      0x178 CMakeFiles/SLK-01_V1_0.dir/Middlewares/Third_Party/FreeRTOS/Source/queue.c.obj
                0x0800fd2c                xQueueSemaphoreTake
 .text.vQueueAddToRegistry
                0x0800fea4       0x28 CMakeFiles/SLK-01_V1_0.dir/Middlewares/Third_Party/FreeRTOS/Source/queue.c.obj
                0x0800fea4                vQueueAddToRegistry
 .text.vQueueWaitForMessageRestricted
                0x0800fecc       0x48 CMakeFiles/SLK-01_V1_0.dir/Middlewares/Third_Party/FreeRTOS/Source/queue.c.obj
                0x0800fecc                vQueueWaitForMessageRestricted
 .text.prvAddNewTaskToReadyList
                0x0800ff14      0x10c CMakeFiles/SLK-01_V1_0.dir/Middlewares/Third_Party/FreeRTOS/Source/tasks.c.obj
 .text.prvAddCurrentTaskToDelayedList
                0x08010020       0x70 CMakeFiles/SLK-01_V1_0.dir/Middlewares/Third_Party/FreeRTOS/Source/tasks.c.obj
 .text.vTaskSwitchContext.part.0
                0x08010090       0x80 CMakeFiles/SLK-01_V1_0.dir/Middlewares/Third_Party/FreeRTOS/Source/tasks.c.obj
 .text.prvInitialiseNewTask.constprop.0
                0x08010110       0xa0 CMakeFiles/SLK-01_V1_0.dir/Middlewares/Third_Party/FreeRTOS/Source/tasks.c.obj
 .text.prvIdleTask
                0x080101b0       0x88 CMakeFiles/SLK-01_V1_0.dir/Middlewares/Third_Party/FreeRTOS/Source/tasks.c.obj
 .text.xTaskIncrementTick.part.0
                0x08010238      0x160 CMakeFiles/SLK-01_V1_0.dir/Middlewares/Third_Party/FreeRTOS/Source/tasks.c.obj
 .text.xTaskResumeAll.part.0
                0x08010398      0x128 CMakeFiles/SLK-01_V1_0.dir/Middlewares/Third_Party/FreeRTOS/Source/tasks.c.obj
 .text.xTaskCreateStatic
                0x080104c0       0x50 CMakeFiles/SLK-01_V1_0.dir/Middlewares/Third_Party/FreeRTOS/Source/tasks.c.obj
                0x080104c0                xTaskCreateStatic
 .text.xTaskCreate